03-11 12:41:05.073  4235 10021 I native  : I0000 00:00:1741686065.073525   10021 enrollment_manager_impl.cc:1071] Found 0 speakers with existing TDSID models.
03-11 12:41:05.073  4235 10021 W native  : W0000 00:00:1741686065.073548   10021 enrollment_manager_impl.cc:1103] No valid TD-SID models found.
03-11 12:41:05.073  4235 10021 I native  : I0000 00:00:1741686065.073562   10021 enrollment_manager_impl.cc:1402] Retrieved stored TDSID models. Speakers requiring re-training:0
03-11 12:41:05.073  4235 10021 I native  : I0000 00:00:1741686065.073578   10021 enrollment_manager_impl.cc:1120] Attempting to insert stored TI-SID profiles into config.
03-11 12:41:05.073  4235 10021 I native  : I0000 00:00:1741686065.073591   10021 enrollment_manager_impl.cc:1145] Found 0 speakers with existing TI-SID models.
03-11 12:41:05.073  4235 10021 W native  : W0000 00:00:1741686065.073604   10021 enrollment_manager_impl.cc:1177] No valid TI-SID models found.
03-11 12:41:05.073  4235 10021 I native  : I0000 00:00:1741686065.073616   10021 enrollment_manager_impl.cc:1415] Retrieved stored TISID models. Speakers requiring re-training:0
03-11 12:41:05.073  4235 10021 I native  : I0000 00:00:1741686065.073632   10021 enrollment_manager_impl.cc:1425] Retrieved Server TISID models.
03-11 12:41:05.073  4235  4980 I A       : (REDACTED) handleResponse for  %s user(s)
03-11 12:41:05.073  4235  4980 I A       : (REDACTED) Found SodaVmmmClassicWriter. Preparing to propagate model update for status: %s
03-11 12:41:05.073  4235  4980 I A       : Skipping model update propagation to SodaVmmmClassicWriter since speaker model did not change.
03-11 12:41:05.074  4235  5529 I A       : getHotwordSpeakerIdModels
03-11 12:41:05.074  4235  5529 I doip    : Returning empty SpeakerId model
03-11 12:41:05.074  4235 10021 I native  : I0000 00:00:1741686065.074335   10021 enrollment_manager_impl.cc:460] Invoking listeners with updated speaker profiles.
03-11 12:41:05.074  4235  5489 I A       : #handleModelUpdate
03-11 12:41:05.074  4235  5489 I A       : (REDACTED) # of TDSID models received: %s
03-11 12:41:05.074  4235  4980 I faja    : (REDACTED) [%s] No SpeakerId model found
03-11 12:41:05.074  4235  5489 I A       : (REDACTED) Size of TI-SID model bytestring received: %s
03-11 12:41:05.074  4235  5528 I doip    : #getTdsidModel
03-11 12:41:05.074  4235  5489 I A       : (REDACTED) # of Server TI-SID voiceprints received: %s
03-11 12:41:05.074  4235  5489 I doip    : #initialize
03-11 12:41:05.075  4235  4939 I doip    : Didn't find an initialized EnrollmentManager. Updating config.
03-11 12:41:05.075  4235  4939 I A       : (REDACTED) updateConfig: Hotword present: %b, LP directory: %s
03-11 12:41:05.077  4080  5253 I famc    : (REDACTED) <<< [%s] Reading SodaResourceManager message with updated resourceIds: %s. Total set: %s
03-11 12:41:05.077  4080  5253 I famc    : (REDACTED) <<< [%s] SodaResourceManager session emitted all requested resources: %s. Ok to terminate.
03-11 12:41:05.077  4235  5489 I native  : I0000 00:00:1741686065.077804    5489 enrollment_manager_impl.cc:447] UpdateConfigRequest with timeout: 0
03-11 12:41:05.080  4235  4980 I faja    : (REDACTED) [%s] All resources wrote to PDS and notified client.
03-11 12:41:05.080  4235  4980 I faja    : (REDACTED) [%s] hotwordLatency: %d, tdsidLatency: %d, All resources latency: %d
03-11 12:41:05.080  4235  4939 I famo    : (REDACTED) [%s] Returning ResourceResponse.
03-11 12:41:05.084  4080  5253 I famc    : (REDACTED) [%s] SRM session terminated after all resources accounted for: %s.
03-11 12:41:05.087  4080  4876 I ezts    : #updateSodaResourcesWithoutReload
03-11 12:41:05.087  4080  5255 I ezts    : #updateSodaResourcesWithoutReload inside sequencer
03-11 12:41:05.087  4080  5300 I ezts    : #checkAsrCompatibility inside sequencer
03-11 12:41:05.088  4080  5300 I ezts    : (REDACTED) #checkAsrCompatibility initializing Soda. Locale: %s. Expected LP version: %d
03-11 12:41:05.088  4080  5300 I ezts    : (REDACTED) Soda cache directory: %s
03-11 12:41:05.088  4080  5300 I ezts    : Hotmatch disabled: flag not enabled
03-11 12:41:05.088  4080  5300 I fagy    : SODA instance exists and matches params. Updating callbacks and returning preloaded instance.
03-11 12:41:05.089  4080  5300 I ezts    : #checkAsrCompatibility successful!
03-11 12:41:05.089  4080  5300 I ezul    : Compatcheck success for background update.
03-11 12:41:05.089  4080  5300 I ezts    : #backgroundUpdate
03-11 12:41:05.090  4080  5300 I ezts    : #backgroundUpdate inside sequencer
03-11 12:41:05.090  4080  4876 I ezts    : #backgroundUpdate using the existing ASR soda instance.
03-11 12:41:05.094  4235 10021 E SpeechMicro: Hotword model is single-channel neuralnet.
03-11 12:41:05.097 18147 18147 D VRI[HomeActivity]: visibilityChanged oldVisibility=true newVisibility=false
03-11 12:41:05.099  4235 10021 I native  : I0000 00:00:1741686065.099071   10021 enrollment_manager_impl_utils.cc:80] Using standalone TI-SID pipeline config:/data/user/0/com.google.android.googlequicksearchbox/files/datadownload/shared/public/datadownloadfile_1702979559060/configs/ONDEVICE_LARGE_VOICE_MATCH.config
03-11 12:41:05.099  4235 10021 I native  : I0000 00:00:1741686065.099758   10021 enrollment_manager_impl_utils.cc:80] Using standalone TI-SID pipeline config:/data/user/0/com.google.android.googlequicksearchbox/files/datadownload/shared/public/datadownloadfile_1702979559060/configs/ONDEVICE_LARGE_VOICE_MATCH.config
03-11 12:41:05.099  4235 10021 I native  : I0000 00:00:1741686065.099783   10021 enrollment_manager_impl.cc:1047] Attempting to insert stored TD-SID profiles into config.
03-11 12:41:05.099  4235 10021 I native  : I0000 00:00:1741686065.099796   10021 enrollment_manager_impl.cc:1071] Found 0 speakers with existing TDSID models.
03-11 12:41:05.099  4235 10021 W native  : W0000 00:00:1741686065.099816   10021 enrollment_manager_impl.cc:1103] No valid TD-SID models found.
03-11 12:41:05.099  4235 10021 I native  : I0000 00:00:1741686065.099829   10021 enrollment_manager_impl.cc:1402] Retrieved stored TDSID models. Speakers requiring re-training:0
03-11 12:41:05.099  4235 10021 I native  : I0000 00:00:1741686065.099842   10021 enrollment_manager_impl.cc:1120] Attempting to insert stored TI-SID profiles into config.
03-11 12:41:05.099  4235 10021 I native  : I0000 00:00:1741686065.099854   10021 enrollment_manager_impl.cc:1145] Found 0 speakers with existing TI-SID models.
03-11 12:41:05.099  4235 10021 W native  : W0000 00:00:1741686065.099869   10021 enrollment_manager_impl.cc:1177] No valid TI-SID models found.
03-11 12:41:05.099  4235 10021 I native  : I0000 00:00:1741686065.099880   10021 enrollment_manager_impl.cc:1415] Retrieved stored TISID models. Speakers requiring re-training:0
03-11 12:41:05.099  4235 10021 I native  : I0000 00:00:1741686065.099894   10021 enrollment_manager_impl.cc:1425] Retrieved Server TISID models.
03-11 12:41:05.100  4235  5528 I A       : (REDACTED) handleResponse for  %s user(s)
03-11 12:41:05.100  4235  5528 I A       : (REDACTED) Found SodaVmmmClassicWriter. Preparing to propagate model update for status: %s
03-11 12:41:05.100  4235  5528 I A       : Skipping model update propagation to SodaVmmmClassicWriter since speaker model did not change.
03-11 12:41:05.103  4235  5528 I A       : getHotwordSpeakerIdModels
03-11 12:41:05.104  4235  5528 I doip    : Returning empty SpeakerId model
03-11 12:41:05.104  4235 10021 I native  : I0000 00:00:1741686065.104247   10021 enrollment_manager_impl.cc:460] Invoking listeners with updated speaker profiles.
03-11 12:41:05.104  4235  5528 I doip    : #getTdsidModel
03-11 12:41:05.104  4235  4980 I doip    : #initialize
03-11 12:41:05.104  4235  5489 I A       : #handleModelUpdate
03-11 12:41:05.104  4235  5489 I A       : (REDACTED) # of TDSID models received: %s
03-11 12:41:05.104  4235  5489 I A       : (REDACTED) Size of TI-SID model bytestring received: %s
03-11 12:41:05.104  4235  5489 I A       : (REDACTED) # of Server TI-SID voiceprints received: %s
03-11 12:41:05.108  4235  4939 I doip    : Didn't find an initialized EnrollmentManager. Updating config.
03-11 12:41:05.108  4235  4939 I A       : (REDACTED) updateConfig: Hotword present: %b, LP directory: %s
03-11 12:41:05.117  4235  5489 I native  : I0000 00:00:1741686065.117570    5489 enrollment_manager_impl.cc:447] UpdateConfigRequest with timeout: 0
03-11 12:41:05.120  4080  4876 I native  : I0000 00:00:1741686065.120302    4876 context-module-impl.cc:801] Update context input. (Proto:MessageLite at 0xb400007085632930)
03-11 12:41:05.122  4080  4876 I native  : I0000 00:00:1741686065.122020    4876 context-module-impl.cc:808] Update context input for public scope. (Proto:MessageLite at 0xb400007085632930)
03-11 12:41:05.122  4080  4876 I ezul    : #backgroundBiasingUpdate succeeded.
03-11 12:41:05.124  4080  5253 I errh    : (REDACTED) Sending speech biasing context update to SODA with locale %s. %s
03-11 12:41:05.126  4080  5255 I ezul    : (REDACTED) #getSodaAsrUpdateRequest inserting app domain: %s
03-11 12:41:05.126  4080  4853 I ezts    : #checkAsrCompatibility inside sequencer
03-11 12:41:05.127  4080  4853 I ezts    : (REDACTED) #checkAsrCompatibility initializing Soda. Locale: %s. Expected LP version: %d
03-11 12:41:05.127  4080  4853 I ezts    : (REDACTED) Soda cache directory: %s
03-11 12:41:05.127  4080  4853 I ezts    : Hotmatch disabled: flag not enabled
03-11 12:41:05.127  4080  4853 I fagy    : SODA instance exists and matches params. Updating callbacks and returning preloaded instance.
03-11 12:41:05.127  4080  4853 I ezts    : #checkAsrCompatibility successful!
03-11 12:41:05.128  3028  5563 I FontLog : (REDACTED) Received query %s, URI %s
03-11 12:41:05.128  3028  5563 I FontLog : (REDACTED) Query [%s] resolved to %s
03-11 12:41:05.129  3028  5563 I FontLog : (REDACTED) Fetch %s end status %s
03-11 12:41:05.131  3028  5563 I FontLog : (REDACTED) Pulling font file for id = %d, cache size = %d
03-11 12:41:05.133  3028  5563 I FontLog : (REDACTED) Pulling font file for id = %d, cache size = %d
03-11 12:41:05.134  4080  4842 I ezul    : Compatcheck success for background update.
03-11 12:41:05.135  4080  4842 I ezts    : #backgroundUpdate
03-11 12:41:05.135  4080  4842 I ezts    : #backgroundUpdate inside sequencer
03-11 12:41:05.135  4080  4876 I ezts    : #backgroundUpdate using the existing ASR soda instance.
03-11 12:41:05.135  4080  4876 I ezul    : #backgroundBiasingUpdate succeeded.
03-11 12:41:05.136 29966 29970 I esentation.test: Compiler allocated 5281KB to compile void android.view.ViewRootImpl.performTraversals()
03-11 12:41:05.145  4080  5255 I errh    : (REDACTED) SODA speech biasing context update for %s is complete. %s
03-11 12:41:05.147  4080  5255 I erqs    : (REDACTED) Successfully scheduled context update for key: %s for %s.
03-11 12:41:05.150  4080  5300 I ewcu    : (REDACTED) AppFlow %s is about to be transmitted
03-11 12:41:05.151  4080  5255 I ewfq    : (REDACTED) %s TNG App is logging Clearcut event named %s with the %s account state and %s source
03-11 12:41:05.151  4080  5300 I ewcu    : (REDACTED) AppFlow %s is about to be transmitted
03-11 12:41:05.151  4080  5250 I ewfq    : (REDACTED) %s TNG App is logging Clearcut event named %s with the %s account state and %s source
03-11 12:41:05.152  4080  5300 I ewcu    : (REDACTED) AppFlow %s is about to be transmitted
03-11 12:41:05.152  4080  5240 I ewfq    : (REDACTED) %s TNG App is logging Clearcut event named %s with the %s account state and %s source
03-11 12:41:05.154  4080  5251 I bmyi    : User not OptedIn. Skipping Eligibility Checks.
03-11 12:41:05.154  4080  5255 I bthj    : #getOobeStatus: OptedOut [CONTEXT ratelimit_period="10 SECONDS" skipped=5 ]
03-11 12:41:05.154  4080  5255 I bmyi    : User not OptedIn. Skipping Eligibility Checks.
03-11 12:41:05.154  4080  5253 I bmyi    : User not OptedIn. Skipping Eligibility Checks.
03-11 12:41:05.182  4235 10021 E SpeechMicro: Hotword model is single-channel neuralnet.
03-11 12:41:05.184  4235 10021 I native  : I0000 00:00:1741686065.183987   10021 enrollment_manager_impl_utils.cc:80] Using standalone TI-SID pipeline config:/data/user/0/com.google.android.googlequicksearchbox/files/datadownload/shared/public/datadownloadfile_1702979559060/configs/ONDEVICE_LARGE_VOICE_MATCH.config
03-11 12:41:05.184  4235 10021 I native  : I0000 00:00:1741686065.184232   10021 enrollment_manager_impl_utils.cc:80] Using standalone TI-SID pipeline config:/data/user/0/com.google.android.googlequicksearchbox/files/datadownload/shared/public/datadownloadfile_1702979559060/configs/ONDEVICE_LARGE_VOICE_MATCH.config
03-11 12:41:05.184  4235 10021 I native  : I0000 00:00:1741686065.184251   10021 enrollment_manager_impl.cc:1047] Attempting to insert stored TD-SID profiles into config.
03-11 12:41:05.184  4235 10021 I native  : I0000 00:00:1741686065.184264   10021 enrollment_manager_impl.cc:1071] Found 0 speakers with existing TDSID models.
03-11 12:41:05.184  4235 10021 W native  : W0000 00:00:1741686065.184286   10021 enrollment_manager_impl.cc:1103] No valid TD-SID models found.
03-11 12:41:05.184  4235 10021 I native  : I0000 00:00:1741686065.184297   10021 enrollment_manager_impl.cc:1402] Retrieved stored TDSID models. Speakers requiring re-training:0
03-11 12:41:05.184  4235 10021 I native  : I0000 00:00:1741686065.184314   10021 enrollment_manager_impl.cc:1120] Attempting to insert stored TI-SID profiles into config.
03-11 12:41:05.184  4235 10021 I native  : I0000 00:00:1741686065.184327   10021 enrollment_manager_impl.cc:1145] Found 0 speakers with existing TI-SID models.
03-11 12:41:05.184  4235 10021 W native  : W0000 00:00:1741686065.184343   10021 enrollment_manager_impl.cc:1177] No valid TI-SID models found.
03-11 12:41:05.184  4235 10021 I native  : I0000 00:00:1741686065.184357   10021 enrollment_manager_impl.cc:1415] Retrieved stored TISID models. Speakers requiring re-training:0
03-11 12:41:05.184  4235 10021 I native  : I0000 00:00:1741686065.184372   10021 enrollment_manager_impl.cc:1425] Retrieved Server TISID models.
03-11 12:41:05.184  4235  5489 I A       : (REDACTED) handleResponse for  %s user(s)
03-11 12:41:05.184  4235  5489 I A       : (REDACTED) Found SodaVmmmClassicWriter. Preparing to propagate model update for status: %s
03-11 12:41:05.184  4235  5489 I A       : Skipping model update propagation to SodaVmmmClassicWriter since speaker model did not change.
03-11 12:41:05.185  4235  5489 I A       : getHotwordSpeakerIdModels
03-11 12:41:05.185  4235  5489 I doip    : Returning empty SpeakerId model
03-11 12:41:05.185  4235 10021 I native  : I0000 00:00:1741686065.185337   10021 enrollment_manager_impl.cc:460] Invoking listeners with updated speaker profiles.
03-11 12:41:05.185  4235  5489 I falo    : (REDACTED) [%s] No Tdsid update occurred. Skipping callback(s)
03-11 12:41:05.185  4235  5528 I A       : #handleModelUpdate
03-11 12:41:05.185  4235  5528 I A       : (REDACTED) # of TDSID models received: %s
03-11 12:41:05.185  4235  5528 I A       : (REDACTED) Size of TI-SID model bytestring received: %s
03-11 12:41:05.185  4235  5528 I A       : (REDACTED) # of Server TI-SID voiceprints received: %s
03-11 12:41:05.199 10233 10239 I .streeek.mobile: Background concurrent mark compact GC freed 28MB AllocSpace bytes, 20(396KB) LOS objects, 75% free, 9397KB/36MB, paused 1.764ms,8.851ms total 138.984ms
03-11 12:41:05.199 10233 10239 W .streeek.mobile: Reducing the number of considered missed Gc histogram windows from 111 to 100
03-11 12:41:05.253  2893  3131 D EuiccConnector: handleMessage: E msg.what=1
03-11 12:41:05.253  2893  3131 D EuiccConnector: processMsg: ConnectedState
03-11 12:41:05.253  2893  3131 D EuiccConnector: processMsg: DisconnectedState
03-11 12:41:05.254  2893  2893 D CarrierSvcBindHelper: onPackageModified: dev.mambo.lib.ui.presentation.test
03-11 12:41:05.254  4103  4103 I RegisteredComponentCache: New Components =>
03-11 12:41:05.254  4103  4103 I RegisteredComponentCache: ComponentInfo: ResolveInfo{82bf9bf com.google.android.tag/com.android.apps.tag.TagViewer m=0x108000 userHandle=UserHandle{0}}, techs: android.nfc.tech.Ndef,
03-11 12:41:05.254  4103  4103 I RegisteredComponentCache: ComponentInfo: ResolveInfo{98bb88c com.paypal.android.p2pmobile/com.paypal.android.pdsdk.ui.receive.PayDropReceiveActivity$EntryPoint m=0x108000 userHandle=UserHandle{0}}, techs: android.nfc.tech.IsoDep,
03-11 12:41:05.254  4103  4103 I RegisteredComponentCache: ComponentInfo: ResolveInfo{b006bd5 com.paypal.android.p2pmobile/com.paypal.android.pdsdk.ui.send.PayDropSendingStatusActivity$EntryPoint m=0x108000 userHandle=UserHandle{0}}, techs: android.nfc.tech.IsoDep,
03-11 12:41:05.254  4103  4103 I RegisteredComponentCache: ComponentInfo: ResolveInfo{bc6ffea com.paypal.android.p2pmobile/com.paypal.android.pdsdk.ui.send.enteramount.PayDropEnterAmountActivity$EntryPoint m=0x108000 userHandle=UserHandle{0}}, techs: android.nfc.tech.IsoDep,
03-11 12:41:05.254  4103  4103 I RegisteredComponentCache: Removed Components =>
03-11 12:41:05.254  4103  4103 I RegisteredComponentCache: ComponentInfo: ResolveInfo{fdb78eb com.google.android.tag/com.android.apps.tag.TagViewer m=0x108000 userHandle=UserHandle{0}}, techs: android.nfc.tech.Ndef,
03-11 12:41:05.254  4103  4103 I RegisteredComponentCache: ComponentInfo: ResolveInfo{c4648 com.paypal.android.p2pmobile/com.paypal.android.pdsdk.ui.receive.PayDropReceiveActivity$EntryPoint m=0x108000 userHandle=UserHandle{0}}, techs: android.nfc.tech.IsoDep,
03-11 12:41:05.254  4103  4103 I RegisteredComponentCache: ComponentInfo: ResolveInfo{6540ce1 com.paypal.android.p2pmobile/com.paypal.android.pdsdk.ui.send.PayDropSendingStatusActivity$EntryPoint m=0x108000 userHandle=UserHandle{0}}, techs: android.nfc.tech.IsoDep,
03-11 12:41:05.254  4103  4103 I RegisteredComponentCache: ComponentInfo: ResolveInfo{4bc3a06 com.paypal.android.p2pmobile/com.paypal.android.pdsdk.ui.send.enteramount.PayDropEnterAmountActivity$EntryPoint m=0x108000 userHandle=UserHandle{0}}, techs: android.nfc.tech.IsoDep,
03-11 12:41:05.255  2893  3131 D EuiccConnector: handleMessage: X
03-11 12:41:05.256 13799 13808 I PermissionControllerServiceImpl: Updating user sensitive for uid 10542
03-11 12:41:05.258  2893  2893 D CarrierSvcBindHelper: No carrier app for: 0
03-11 12:41:05.258  2893  2893 D CarrierSvcBindHelper: No carrier app for: 1
03-11 12:41:05.262  4068 30029 I AiAiEcho: (REDACTED) AppIndexer Package:[%s] UserProfile:[%d] Enabled:[%s].
03-11 12:41:05.262  4068 30029 I AiAiEcho: (REDACTED) AppFetcherImplV2 updateApps package:[%s], userId:[%d], reason:[%s].
03-11 12:41:05.262  2913  2983 D PackageUpdatedTask: Package updated: mOp=UPDATE packages=[dev.mambo.lib.ui.presentation.test], user=UserHandle{0}
03-11 12:41:05.262  4068 30029 D LauncherApps: getActivityList: No launchable activities found forpackageName=dev.mambo.lib.ui.presentation.test, user=UserHandle{0}
03-11 12:41:05.262  2893  2893 E SmsApplication: com.google.android.apps.messaging lost android:read_cell_broadcasts:  (fixing)
03-11 12:41:05.263  1800  2268 I RoleService: Granting default roles...
03-11 12:41:05.264  2913  2983 D LauncherApps: getActivityList: No launchable activities found forpackageName=dev.mambo.lib.ui.presentation.test, user=UserHandle{0}
03-11 12:41:05.264  2913  2983 D LauncherApps: getActivityList: No launchable activities found forpackageName=dev.mambo.lib.ui.presentation.test, user=UserHandle{0}
03-11 12:41:05.264  2913  2983 W AllAppsList: updatePackage: no Activities matched updated package, removing any AppInfo with package=dev.mambo.lib.ui.presentation.test, user=UserHandle{0}
03-11 12:41:05.266  1800  2661 W Role    : Default holder doesn't have required signing certificate: com.google.android.retaildemo:6547c73dee150c103980bfdffe55cc9a011d785dd694a5f99afd8205bcaf1f80
03-11 12:41:05.266  1800  2661 E RoleControllerServiceImpl: Default/fallback role holder package doesn't qualify for the role, package: com.google.android.gms.supervision, role: android.app.role.SYSTEM_SUPERVISION
03-11 12:41:05.269  4080  4876 I bdgv    : (REDACTED) getHotwordActive::active query: %s, watch: %s, devices connected: %s
03-11 12:41:05.273  1800  2661 D NotificationUtils: getNotificationListenersForPackage(com.google.android.apps.wear.companion): [ComponentInfo{com.google.android.apps.wear.companion/com.google.android.libraries.wear.companion.notification.service.CompanionNotificationListenerService}]
03-11 12:41:05.275  2893  3205 D ImsResolver: maybeAddedImsService, packageName: dev.mambo.lib.ui.presentation.test
03-11 12:41:05.301  1800  2661 E ApduServiceInfo: Not adding <aid-group> with empty or invalid AIDs
03-11 12:41:05.309  1800  2661 E RoleControllerServiceImpl: Default/fallback role holder package doesn't qualify for the role, package: com.google.android.devicelockcontroller, role: android.app.role.SYSTEM_FINANCED_DEVICE_CONTROLLER
03-11 12:41:05.374  1800  4289 V GrammaticalInflectionUtils: AttributionSource: android.content.AttributionSource@2409d5c0 does not have READ_SYSTEM_GRAMMATICAL_GENDER permission.
03-11 12:41:05.381 29966 29966 D LifecycleMonitor: Lifecycle status change: androidx.activity.ComponentActivity@d0ac30 in: PAUSED
03-11 12:41:05.381 29966 29966 V ActivityScenario: Update currentActivityStage to PAUSED, currentActivity=androidx.activity.ComponentActivity@d0ac30
03-11 12:41:05.385 29966 29966 D LifecycleMonitor: Lifecycle status change: androidx.test.core.app.InstrumentationActivityInvoker$EmptyActivity@5e6fbf0 in: PRE_ON_CREATE
03-11 12:41:05.385 29966 29966 V ActivityScenario: Activity lifecycle changed event received but ignored because the intent does not match. startActivityIntent=Intent { act=android.intent.action.MAIN cat=[android.intent.category.LAUNCHER] flg=0x10008000 cmp=dev.mambo.lib.ui.presentation.test/androidx.activity.ComponentActivity }, activity.getIntent()=Intent { act=android.intent.action.MAIN cat=[android.intent.category.LAUNCHER] flg=0x10000000 cmp=dev.mambo.lib.ui.presentation.test/androidx.test.core.app.InstrumentationActivityInvoker$EmptyActivity }, activity=androidx.test.core.app.InstrumentationActivityInvoker$EmptyActivity@5e6fbf0
03-11 12:41:05.389 29966 29966 D LifecycleMonitor: Lifecycle status change: androidx.test.core.app.InstrumentationActivityInvoker$EmptyActivity@5e6fbf0 in: CREATED
03-11 12:41:05.389 29966 29966 V ActivityScenario: Activity lifecycle changed event received but ignored because the intent does not match. startActivityIntent=Intent { act=android.intent.action.MAIN cat=[android.intent.category.LAUNCHER] flg=0x10008000 cmp=dev.mambo.lib.ui.presentation.test/androidx.activity.ComponentActivity }, activity.getIntent()=Intent { act=android.intent.action.MAIN cat=[android.intent.category.LAUNCHER] flg=0x10000000 cmp=dev.mambo.lib.ui.presentation.test/androidx.test.core.app.InstrumentationActivityInvoker$EmptyActivity }, activity=androidx.test.core.app.InstrumentationActivityInvoker$EmptyActivity@5e6fbf0
03-11 12:41:05.390 29966 29966 D LifecycleMonitor: Lifecycle status change: androidx.test.core.app.InstrumentationActivityInvoker$EmptyActivity@5e6fbf0 in: STARTED
03-11 12:41:05.390 29966 29966 V ActivityScenario: Activity lifecycle changed event received but ignored because the intent does not match. startActivityIntent=Intent { act=android.intent.action.MAIN cat=[android.intent.category.LAUNCHER] flg=0x10008000 cmp=dev.mambo.lib.ui.presentation.test/androidx.activity.ComponentActivity }, activity.getIntent()=Intent { act=android.intent.action.MAIN cat=[android.intent.category.LAUNCHER] flg=0x10000000 cmp=dev.mambo.lib.ui.presentation.test/androidx.test.core.app.InstrumentationActivityInvoker$EmptyActivity }, activity=androidx.test.core.app.InstrumentationActivityInvoker$EmptyActivity@5e6fbf0
03-11 12:41:05.392 29966 29966 D LifecycleMonitor: Lifecycle status change: androidx.test.core.app.InstrumentationActivityInvoker$EmptyActivity@5e6fbf0 in: RESUMED
03-11 12:41:05.392 29966 29966 V ActivityScenario: Activity lifecycle changed event received but ignored because the intent does not match. startActivityIntent=Intent { act=android.intent.action.MAIN cat=[android.intent.category.LAUNCHER] flg=0x10008000 cmp=dev.mambo.lib.ui.presentation.test/androidx.activity.ComponentActivity }, activity.getIntent()=Intent { act=android.intent.action.MAIN cat=[android.intent.category.LAUNCHER] flg=0x10000000 cmp=dev.mambo.lib.ui.presentation.test/androidx.test.core.app.InstrumentationActivityInvoker$EmptyActivity }, activity=androidx.test.core.app.InstrumentationActivityInvoker$EmptyActivity@5e6fbf0
03-11 12:41:05.395   717   717 I BpBinder: onLastStrongRef automatically unlinking death recipients:
03-11 12:41:05.421  1800  1872 I ActivityTaskManager: Displayed dev.mambo.lib.ui.presentation.test/androidx.test.core.app.InstrumentationActivityInvoker$EmptyActivity for user 0: +46ms
03-11 12:41:05.423 29966 29966 D VRI[ComponentActivity]: visibilityChanged oldVisibility=true newVisibility=false
03-11 12:41:05.433 29966 29966 D LifecycleMonitor: Lifecycle status change: androidx.activity.ComponentActivity@d0ac30 in: STOPPED
03-11 12:41:05.434 29966 29966 V ActivityScenario: Update currentActivityStage to STOPPED, currentActivity=androidx.activity.ComponentActivity@d0ac30
03-11 12:41:05.438 29966 29966 D LifecycleMonitor: Lifecycle status change: androidx.activity.ComponentActivity@d0ac30 in: DESTROYED
03-11 12:41:05.438 29966 29966 V ActivityScenario: Update currentActivityStage to DESTROYED, currentActivity=null
03-11 12:41:05.439 29966 29966 W WindowOnBackDispatcher: sendCancelIfRunning: isInProgress=false callback=android.view.ViewRootImpl$$ExternalSyntheticLambda11@a608f0
03-11 12:41:05.444   717   717 I BpBinder: onLastStrongRef automatically unlinking death recipients:
03-11 12:41:05.445 29966 29966 D LifecycleMonitor: Lifecycle status change: androidx.test.core.app.InstrumentationActivityInvoker$EmptyActivity@5e6fbf0 in: PAUSED
03-11 12:41:05.445 29966 29966 V ActivityScenario: Activity lifecycle changed event received but ignored because the intent does not match. startActivityIntent=Intent { act=android.intent.action.MAIN cat=[android.intent.category.LAUNCHER] flg=0x10008000 cmp=dev.mambo.lib.ui.presentation.test/androidx.activity.ComponentActivity }, activity.getIntent()=Intent { act=android.intent.action.MAIN cat=[android.intent.category.LAUNCHER] flg=0x10000000 cmp=dev.mambo.lib.ui.presentation.test/androidx.test.core.app.InstrumentationActivityInvoker$EmptyActivity }, activity=androidx.test.core.app.InstrumentationActivityInvoker$EmptyActivity@5e6fbf0
03-11 12:41:05.449  1800  2289 I ImeTracker: dev.mambo.lib.ui.presentation.test:434fae59: onRequestHide at ORIGIN_SERVER reason HIDE_UNSPECIFIED_WINDOW fromUser false
03-11 12:41:05.449  1800  2289 I ImeTracker: dev.mambo.lib.ui.presentation.test:434fae59: onCancelled at PHASE_SERVER_SHOULD_HIDE
03-11 12:41:05.451  4028  4028 I GoogleInputMethodService: GoogleInputMethodService.onFinishInput():2589
03-11 12:41:05.451  4028  4028 I Module  : DeviceLockedStatusModuleProvider$Module.updateDeviceLockedStatus():100 repeatCheckTimes = 0, locked = false
03-11 12:41:05.452  4028  4028 I GoogleInputMethodService: GoogleInputMethodService.onStartInput():1568 onStartInput(EditorInfo{EditorInfo{packageName=dev.mambo.lib.ui.presentation.test, inputType=0, inputTypeString=NULL, enableLearning=false, autoCorrection=false, autoComplete=false, imeOptions=0, privateImeOptions=null, actionName=UNSPECIFIED, actionLabel=null, initialSelStart=-1, initialSelEnd=-1, initialCapsMode=0, label=null, fieldId=0, fieldName=null, extras=null, hintText=null, hintLocales=[]}}, false)
03-11 12:41:05.452   826   826 W powerhal-libperfmgr: Sess(3681), cannot resume, already active
03-11 12:41:05.452  4028  4028 I Module  : DeviceLockedStatusModuleProvider$Module.updateDeviceLockedStatus():100 repeatCheckTimes = 1, locked = false
03-11 12:41:05.453  4028  4028 I AndroidIME: InputBundleManager.loadActiveInputBundleId():407 loadActiveInputBundleId: und-Latn-x-password, password
03-11 12:41:05.470 29966 29990 D IdlingRegistry: Unregistering idling resources: [androidx.compose.ui.test.EspressoLink@41a5583]
03-11 12:41:05.471 29966 29990 I TestRunner: finished: shouldShowValidErrorMessage_WhenGettingTasksFails(dev.mambo.lib.ui.presentation.screens.tasks.TasksScreenTest)
