03-11 12:16:38.913  4103  4103 I RegisteredComponentCache: ComponentInfo: ResolveInfo{288335a com.paypal.android.p2pmobile/com.paypal.android.pdsdk.ui.send.enteramount.PayDropEnterAmountActivity$EntryPoint m=0x108000 userHandle=UserHandle{0}}, techs: android.nfc.tech.IsoDep,
03-11 12:16:38.914  2913  2983 D LauncherApps: getActivityList: No launchable activities found forpackageName=dev.mambo.lib.ui.presentation.test, user=UserHandle{0}
03-11 12:16:38.914  2913  2983 W AllAppsList: updatePackage: no Activities matched updated package, removing any AppInfo with package=dev.mambo.lib.ui.presentation.test, user=UserHandle{0}
03-11 12:16:38.915 22106 25884 E PhenotypeCombinedFlags: Config package com.google.android.client_error_logging#com.google.android.apps.weather cannot use PROCESS_STABLE backing without declarative registration. See go/phenotype-android-integration#phenotype for more information. This will lead to stale flags.
03-11 12:16:38.917 22106 22177 I EssentialsDailyForecast: Daily forecast cache hit for request=5980253
03-11 12:16:38.917 22106 22177 I LocalWeatherDataService: Returning local weather as cache hit
03-11 12:16:38.922 22106 25901 I Phlogger: Unable to retrieve flag snapshot for com.google.android.client_error_logging#com.google.android.apps.weather, using defaults.
03-11 12:16:38.922 22106 25884 I Phlogger: Shared storage file not found for com.google.android.client_error_logging#com.google.android.apps.weather
03-11 12:16:38.924 22106 22175 W WeatherForecastNotifica: Skipping Weather forecast notification because it is before sunset and evening time limit.
03-11 12:16:38.926  2893  2893 E SmsApplication: com.google.android.apps.messaging lost android:read_cell_broadcasts:  (fixing)
03-11 12:16:38.927  1800  2268 I RoleService: Granting default roles...
03-11 12:16:38.930  1800  2661 W Role    : Default holder doesn't have required signing certificate: com.google.android.retaildemo:6547c73dee150c103980bfdffe55cc9a011d785dd694a5f99afd8205bcaf1f80
03-11 12:16:38.930  1800  2661 E RoleControllerServiceImpl: Default/fallback role holder package doesn't qualify for the role, package: com.google.android.gms.supervision, role: android.app.role.SYSTEM_SUPERVISION
03-11 12:16:38.932  2893  3205 D ImsResolver: maybeAddedImsService, packageName: dev.mambo.lib.ui.presentation.test
03-11 12:16:38.937  1800  2661 D NotificationUtils: getNotificationListenersForPackage(com.google.android.apps.wear.companion): [ComponentInfo{com.google.android.apps.wear.companion/com.google.android.libraries.wear.companion.notification.service.CompanionNotificationListenerService}]
03-11 12:16:38.967  1800  2661 E ApduServiceInfo: Not adding <aid-group> with empty or invalid AIDs
03-11 12:16:38.972  1800  2661 E RoleControllerServiceImpl: Default/fallback role holder package doesn't qualify for the role, package: com.google.android.devicelockcontroller, role: android.app.role.SYSTEM_FINANCED_DEVICE_CONTROLLER
03-11 12:16:38.986  7431  7511 I WM-WorkerWrapper: Worker result SUCCESS for Work [ id=5627bf9e-3d4d-4033-906f-6751e3bb580b, tags={ com.linkedin.android.litrackinglib.network.SendTrackingEventWorker, period_sync_work } ]
03-11 12:16:38.994  1800  5270 V GrammaticalInflectionUtils: AttributionSource: android.content.AttributionSource@2254fd21 does not have READ_SYSTEM_GRAMMATICAL_GENDER permission.
03-11 12:16:38.999 25820 25820 D LifecycleMonitor: Lifecycle status change: androidx.activity.ComponentActivity@d0ac30 in: PAUSED
03-11 12:16:39.000 25820 25820 V ActivityScenario: Update currentActivityStage to PAUSED, currentActivity=androidx.activity.ComponentActivity@d0ac30
03-11 12:16:39.003 25820 25820 D LifecycleMonitor: Lifecycle status change: androidx.test.core.app.InstrumentationActivityInvoker$EmptyActivity@fbc9569 in: PRE_ON_CREATE
03-11 12:16:39.003 25820 25820 V ActivityScenario: Activity lifecycle changed event received but ignored because the intent does not match. startActivityIntent=Intent { act=android.intent.action.MAIN cat=[android.intent.category.LAUNCHER] flg=0x10008000 cmp=dev.mambo.lib.ui.presentation.test/androidx.activity.ComponentActivity }, activity.getIntent()=Intent { act=android.intent.action.MAIN cat=[android.intent.category.LAUNCHER] flg=0x10000000 cmp=dev.mambo.lib.ui.presentation.test/androidx.test.core.app.InstrumentationActivityInvoker$EmptyActivity }, activity=androidx.test.core.app.InstrumentationActivityInvoker$EmptyActivity@fbc9569
03-11 12:16:39.004 22106 22175 I EssentialsHourlyForecas: Hourly forecast cache hit for request=-1135340275
03-11 12:16:39.008 25820 25820 D LifecycleMonitor: Lifecycle status change: androidx.test.core.app.InstrumentationActivityInvoker$EmptyActivity@fbc9569 in: CREATED
03-11 12:16:39.008 25820 25820 V ActivityScenario: Activity lifecycle changed event received but ignored because the intent does not match. startActivityIntent=Intent { act=android.intent.action.MAIN cat=[android.intent.category.LAUNCHER] flg=0x10008000 cmp=dev.mambo.lib.ui.presentation.test/androidx.activity.ComponentActivity }, activity.getIntent()=Intent { act=android.intent.action.MAIN cat=[android.intent.category.LAUNCHER] flg=0x10000000 cmp=dev.mambo.lib.ui.presentation.test/androidx.test.core.app.InstrumentationActivityInvoker$EmptyActivity }, activity=androidx.test.core.app.InstrumentationActivityInvoker$EmptyActivity@fbc9569
03-11 12:16:39.008 25820 25820 D LifecycleMonitor: Lifecycle status change: androidx.test.core.app.InstrumentationActivityInvoker$EmptyActivity@fbc9569 in: STARTED
03-11 12:16:39.008 25820 25820 V ActivityScenario: Activity lifecycle changed event received but ignored because the intent does not match. startActivityIntent=Intent { act=android.intent.action.MAIN cat=[android.intent.category.LAUNCHER] flg=0x10008000 cmp=dev.mambo.lib.ui.presentation.test/androidx.activity.ComponentActivity }, activity.getIntent()=Intent { act=android.intent.action.MAIN cat=[android.intent.category.LAUNCHER] flg=0x10000000 cmp=dev.mambo.lib.ui.presentation.test/androidx.test.core.app.InstrumentationActivityInvoker$EmptyActivity }, activity=androidx.test.core.app.InstrumentationActivityInvoker$EmptyActivity@fbc9569
03-11 12:16:39.010 25820 25820 D LifecycleMonitor: Lifecycle status change: androidx.test.core.app.InstrumentationActivityInvoker$EmptyActivity@fbc9569 in: RESUMED
03-11 12:16:39.010 25820 25820 V ActivityScenario: Activity lifecycle changed event received but ignored because the intent does not match. startActivityIntent=Intent { act=android.intent.action.MAIN cat=[android.intent.category.LAUNCHER] flg=0x10008000 cmp=dev.mambo.lib.ui.presentation.test/androidx.activity.ComponentActivity }, activity.getIntent()=Intent { act=android.intent.action.MAIN cat=[android.intent.category.LAUNCHER] flg=0x10000000 cmp=dev.mambo.lib.ui.presentation.test/androidx.test.core.app.InstrumentationActivityInvoker$EmptyActivity }, activity=androidx.test.core.app.InstrumentationActivityInvoker$EmptyActivity@fbc9569
03-11 12:16:39.025  1800  1872 I ActivityTaskManager: Displayed dev.mambo.lib.ui.presentation.test/androidx.test.core.app.InstrumentationActivityInvoker$EmptyActivity for user 0: +30ms
03-11 12:16:39.025 22106 22177 I PrecipitationForecastNo: Skipping Precipitation notification because of chance of precipitation is below threshold of 70 for location_id: 2d0e6266-ff0f-498e-9333-e38145b550f8
03-11 12:16:39.029 25820 25820 D LifecycleMonitor: Lifecycle status change: androidx.test.core.app.InstrumentationActivityInvoker$EmptyActivity@fbc9569 in: PAUSED
03-11 12:16:39.029 25820 25820 V ActivityScenario: Activity lifecycle changed event received but ignored because the intent does not match. startActivityIntent=Intent { act=android.intent.action.MAIN cat=[android.intent.category.LAUNCHER] flg=0x10008000 cmp=dev.mambo.lib.ui.presentation.test/androidx.activity.ComponentActivity }, activity.getIntent()=Intent { act=android.intent.action.MAIN cat=[android.intent.category.LAUNCHER] flg=0x10000000 cmp=dev.mambo.lib.ui.presentation.test/androidx.test.core.app.InstrumentationActivityInvoker$EmptyActivity }, activity=androidx.test.core.app.InstrumentationActivityInvoker$EmptyActivity@fbc9569
03-11 12:16:39.031   717   717 I BpBinder: onLastStrongRef automatically unlinking death recipients:
03-11 12:16:39.033 25820 25820 D VRI[ComponentActivity]: visibilityChanged oldVisibility=true newVisibility=false
03-11 12:16:39.034   826   826 W powerhal-libperfmgr: Sess(3681), cannot resume, already active
03-11 12:16:39.064   717   717 I BpBinder: onLastStrongRef automatically unlinking death recipients:
03-11 12:16:39.065  7431  7463 I WM-WorkerWrapper: Worker result SUCCESS for Work [ id=01a93162-f1ac-4e89-bc2c-ab658fcaba44, tags={ com.linkedin.android.segment.ChameleonPeriodicWork } ]
03-11 12:16:39.086 18147 18152 I com.whatsapp: Method exceeds compiler instruction limit: 17434 in java.lang.Object X.29K.A00(int, X.0oI, java.lang.Object)
03-11 12:16:39.092   719   719 W HwBinder:719_2: type=1400 audit(0.0:11004): avc:  denied  { search } for  name="log" dev="dm-67" ino=346 scontext=u:r:hal_graphics_composer_default:s0 tcontext=u:object_r:vendor_log_file:s0 tclass=dir permissive=0
03-11 12:16:39.092   719   719 W HwBinder:719_2: type=1400 audit(0.0:11005): avc:  denied  { search } for  name="log" dev="dm-67" ino=346 scontext=u:r:hal_graphics_composer_default:s0 tcontext=u:object_r:vendor_log_file:s0 tclass=dir permissive=0
03-11 12:16:39.098   719   757 E hwc-display: [PrimaryDisplay] resetColorMappingInfoForClientComp:: resetColorMappingInfo() idx=1 error(-22)
03-11 12:16:39.098   719   757 E hwc-display: Fail to open file /data/vendor/log/hwc/PrimaryDisplay_hwc_error_log0.txt, error: Permission denied
03-11 12:16:39.098   719   757 E hwc-display: Fail to open file /data/log/PrimaryDisplay_hwc_error_log0.txt, error: No such file or directory
03-11 12:16:39.098   719   757 E hwc-display: Unable to open log file for PrimaryDisplay_hwc_error_log0.txt
03-11 12:16:39.112 22106 22112 I id.apps.weather: Compiler allocated 4229KB to compile int com.google.protobuf.ca.c(java.lang.Object, byte[], int, int, int, com.google.protobuf.h)
03-11 12:16:39.121  1800  2289 I ImeTracker: com.whatsapp:8fef2451: onRequestHide at ORIGIN_SERVER reason HIDE_UNSPECIFIED_WINDOW fromUser false
03-11 12:16:39.122  1800  2289 I ImeTracker: com.whatsapp:8fef2451: onCancelled at PHASE_SERVER_SHOULD_HIDE
03-11 12:16:39.124  4028  4028 I GoogleInputMethodService: GoogleInputMethodService.onFinishInput():2589
03-11 12:16:39.124  4028  4028 I Module  : DeviceLockedStatusModuleProvider$Module.updateDeviceLockedStatus():100 repeatCheckTimes = 0, locked = false
03-11 12:16:39.125  4028  4028 I GoogleInputMethodService: GoogleInputMethodService.onStartInput():1568 onStartInput(EditorInfo{EditorInfo{packageName=com.whatsapp, inputType=0, inputTypeString=NULL, enableLearning=false, autoCorrection=false, autoComplete=false, imeOptions=0, privateImeOptions=null, actionName=UNSPECIFIED, actionLabel=null, initialSelStart=-1, initialSelEnd=-1, initialCapsMode=0, label=null, fieldId=0, fieldName=null, extras=null, hintText=null, hintLocales=[]}}, false)
03-11 12:16:39.125  4028  4028 I Module  : DeviceLockedStatusModuleProvider$Module.updateDeviceLockedStatus():100 repeatCheckTimes = 1, locked = false
03-11 12:16:39.126  4028  4028 I AndroidIME: InputBundleManager.loadActiveInputBundleId():407 loadActiveInputBundleId: und-Latn-x-password, password
03-11 12:16:39.164   719   757 E hwc-display: [PrimaryDisplay] resetColorMappingInfoForClientComp:: resetColorMappingInfo() idx=1 error(-22)
03-11 12:16:39.164   719   757 E hwc-display: Fail to open file /data/vendor/log/hwc/PrimaryDisplay_hwc_error_log0.txt, error: Permission denied
03-11 12:16:39.164   719   757 E hwc-display: Fail to open file /data/log/PrimaryDisplay_hwc_error_log0.txt, error: No such file or directory
03-11 12:16:39.164   719   757 E hwc-display: Unable to open log file for PrimaryDisplay_hwc_error_log0.txt
03-11 12:16:39.160   719   719 W HwBinder:719_2: type=1400 audit(0.0:11006): avc:  denied  { search } for  name="log" dev="dm-67" ino=346 scontext=u:r:hal_graphics_composer_default:s0 tcontext=u:object_r:vendor_log_file:s0 tclass=dir permissive=0
03-11 12:16:39.171  1800  4393 D ConnectivityService: requestNetwork for uid/pid:10192/3115 activeRequest: null callbackRequest: 3884 [NetworkRequest [ REQUEST id=3885, [ Capabilities: INTERNET&NOT_RESTRICTED&TRUSTED&NOT_VCN_MANAGED&NOT_BANDWIDTH_CONSTRAINED Uid: 10192 RequestorUid: 10192 RequestorPkg: com.google.android.apps.photos UnderlyingNetworks: Null] ]] callback flags: 0 order: 2147483647 isUidTracked: false declaredMethods: AVAIL|LOST|NC
03-11 12:16:39.172  1800  2435 D OemPaidWifiNetworkFactory: got request NetworkRequest [ REQUEST id=3885, [ Capabilities: INTERNET&NOT_RESTRICTED&TRUSTED&NOT_VCN_MANAGED&NOT_BANDWIDTH_CONSTRAINED Uid: 10192 RequestorUid: 10192 RequestorPkg: com.google.android.apps.photos UnderlyingNetworks: Null] ]
03-11 12:16:39.172  1800  2435 D MultiInternetWifiNetworkFactory: got request NetworkRequest [ REQUEST id=3885, [ Capabilities: INTERNET&NOT_RESTRICTED&TRUSTED&NOT_VCN_MANAGED&NOT_BANDWIDTH_CONSTRAINED Uid: 10192 RequestorUid: 10192 RequestorPkg: com.google.android.apps.photos UnderlyingNetworks: Null] ]
03-11 12:16:39.173  1800  2435 D WifiNetworkFactory: got request NetworkRequest [ REQUEST id=3885, [ Capabilities: INTERNET&NOT_RESTRICTED&TRUSTED&NOT_VCN_MANAGED&NOT_BANDWIDTH_CONSTRAINED Uid: 10192 RequestorUid: 10192 RequestorPkg: com.google.android.apps.photos UnderlyingNetworks: Null] ]
03-11 12:16:39.173  1800  2435 D UntrustedWifiNetworkFactory: got request NetworkRequest [ REQUEST id=3885, [ Capabilities: INTERNET&NOT_RESTRICTED&TRUSTED&NOT_VCN_MANAGED&NOT_BANDWIDTH_CONSTRAINED Uid: 10192 RequestorUid: 10192 RequestorPkg: com.google.android.apps.photos UnderlyingNetworks: Null] ]
03-11 12:16:39.173  1800  2443 D ConnectivityService: NetReassign [3885 : null → 104] [c 0] [a 1] [i 1]
03-11 12:16:39.309 22106 22184 I cn_CronetUrlRequestContext: destroyNativeStreamLocked org.chromium.net.impl.CronetBidirectionalStream@f4ddd44
03-11 12:16:39.312 22106 22184 I cn_CronetUrlRequestContext: destroyNativeStreamLocked org.chromium.net.impl.CronetBidirectionalStream@503c14f
03-11 12:16:39.313 22106 22184 I cn_CronetUrlRequestContext: destroyNativeStreamLocked org.chromium.net.impl.CronetBidirectionalStream@99990dc
03-11 12:16:39.313 22106 22184 I cn_CronetUrlRequestContext: destroyNativeStreamLocked org.chromium.net.impl.CronetBidirectionalStream@6ade5e5
03-11 12:16:39.314 22106 22184 I cn_CronetUrlRequestContext: destroyNativeStreamLocked org.chromium.net.impl.CronetBidirectionalStream@834d8ba
03-11 12:16:39.314 22106 22184 I cn_CronetUrlRequestContext: destroyNativeStreamLocked org.chromium.net.impl.CronetBidirectionalStream@65bfb61
03-11 12:16:39.324 22106 22184 I cn_CronetUrlRequestContext: destroyNativeStreamLocked org.chromium.net.impl.CronetBidirectionalStream@afb599
03-11 12:16:39.326 22106 22184 I cn_CronetUrlRequestContext: destroyNativeStreamLocked org.chromium.net.impl.CronetBidirectionalStream@b0996c2
03-11 12:16:39.344 22106 22170 I EssentialsCurrentCondit: Querying current condition cache for request=231847088
03-11 12:16:39.344 22106 22177 I EssentialsCurrentCondit: Old current condition is different from new current condition for request=231847088
03-11 12:16:39.359 22106 22176 I EssentialsCurrentCondit: Querying current condition cache for request=-1105819202
03-11 12:16:39.360 22106 22171 I EssentialsCurrentCondit: Old current condition is different from new current condition for request=-1105819202
03-11 12:16:39.362 22106 22169 I EssentialsCurrentCondit: Querying current condition cache for request=1581780847
03-11 12:16:39.363 22106 22175 I EssentialsCurrentCondit: Old current condition is different from new current condition for request=1581780847
03-11 12:16:39.363  1800  2483 W ServiceManagerCppClient: Waited one second for android.hardware.biometrics.fingerprint.IFingerprint/default (is service started? Number of threads started in the threadpool: 32. Are binder threads started and available?)
03-11 12:16:39.365   636 25918 W libc    : Unable to set property "ctl.interface_start" to "aidl/android.hardware.biometrics.fingerprint.IFingerprint/default": PROP_ERROR_HANDLE_CONTROL_MESSAGE (0x20)
03-11 12:16:39.370 22106 22170 I EssentialsCurrentCondit: Old current condition is different from new current condition for request=2131550694
03-11 12:16:39.370 22106 22169 I EssentialsCurrentCondit: Current condition cache hit for request=231847088
03-11 12:16:39.370 22106 22177 I EssentialsCurrentCondit: Current condition cache hit for request=-1105819202
03-11 12:16:39.371 22106 22177 I EssentialsCurrentCondit: Current condition cache hit for request=1581780847
03-11 12:16:39.372 22106 22176 I EssentialsCurrentCondit: Querying current condition cache for request=2131550694
03-11 12:16:39.373 22106 22171 I LocationProviderImpl: Trying to obtain last location.
03-11 12:16:39.378 22106 22176 I LocationProviderImpl: Last location obtained successfully
03-11 12:16:39.379 22106 22176 I LocationProviderImpl: Using last known location, age=PT23.486S
03-11 12:16:39.392 22106 22176 I EssentialsDailyForecast: Querying daily forecast cache for request=-1105819202
03-11 12:16:39.392 22106 22175 I EssentialsDailyForecast: Old daily forecast is different from new daily forecast for request=-1105819202
03-11 12:16:39.404 22106 22177 I EssentialsDailyForecast: Querying daily forecast cache for request=2131550694
03-11 12:16:39.404  2744  2744 D ServerContainer: uid 10541 is not cached.
03-11 12:16:39.404 22106 22175 I EssentialsDailyForecast: Old daily forecast is different from new daily forecast for request=2131550694
03-11 12:16:39.405  2517  2517 D ControlsListingControllerImpl: ServiceConfig reloaded, count: 1
03-11 12:16:39.412 22106 22170 I LocationProviderImpl: Trying to obtain last location.
03-11 12:16:39.413  4080  4990 W ekbn    : Failed to notify listeners
03-11 12:16:39.413  4080  4990 W ekbn    : java.util.concurrent.CancellationException
03-11 12:16:39.413  4080  4990 W ekbn    : 	at java.util.concurrent.FutureTask.report(FutureTask.java:121)
03-11 12:16:39.413  4080  4990 W ekbn    : 	at java.util.concurrent.FutureTask.get(FutureTask.java:191)
03-11 12:16:39.413  4080  4990 W ekbn    : 	at fvbu.get(PG:1)
03-11 12:16:39.413  4080  4990 W ekbn    : 	at b.cb(PG:2)
03-11 12:16:39.413  4080  4990 W ekbn    : 	at fvdr.y(PG:10)
03-11 12:16:39.413  4080  4990 W ekbn    : 	at fvbz.run(PG:24)
03-11 12:16:39.413  4080  4990 W ekbn    : 	at fvbf.execute(PG:1)
03-11 12:16:39.413  4080  4990 W ekbn    : 	at fvbj.c(PG:1)
03-11 12:16:39.413  4080  4990 W ekbn    : 	at fvbj.b(PG:32)
03-11 12:16:39.413  4080  4990 W ekbn    : 	at fvct.done(PG:3)
03-11 12:16:39.413  4080  4990 W ekbn    : 	at java.util.concurrent.FutureTask.finishCompletion(FutureTask.java:381)
03-11 12:16:39.413  4080  4990 W ekbn    : 	at java.util.concurrent.FutureTask.cancel(FutureTask.java:179)
03-11 12:16:39.413  4080  4990 W ekbn    : 	at fvbu.cancel(PG:5)
03-11 12:16:39.413  4080  4990 W ekbn    : 	at ekbg.run(PG:14)
03-11 12:16:39.413  4080  4990 W ekbn    : 	at fkmt.run(PG:24)
03-11 12:16:39.413  4080  4990 W ekbn    : 	at java.util.concurrent.Executors$RunnableAdapter.call(Executors.java:487)
03-11 12:16:39.413  4080  4990 W ekbn    : 	at fvdo.a(PG:3)
03-11 12:16:39.413  4080  4990 W ekbn    : 	at fvcq.run(PG:19)
03-11 12:16:39.413  4080  4990 W ekbn    : 	at fvdp.run(PG:5)
03-11 12:16:39.413  4080  4990 W ekbn    : 	at dppy.run(PG:7)
03-11 12:16:39.413  4080  4990 W ekbn    : 	at ftqc.run(PG:50)
03-11 12:16:39.413  4080  4990 W ekbn    : 	at dppp.run(PG:42)
03-11 12:16:39.413  4080  4990 W ekbn    : 	at java.lang.Thread.run(Thread.java:1012)
03-11 12:16:39.413  4080  4990 W ekbn    : 	at dpra.run(PG:64)
03-11 12:16:39.419 22106 22169 I LocationProviderImpl: Trying to obtain last location.
03-11 12:16:39.421 22106 22169 I LocationProviderImpl: Trying to obtain last location.
03-11 12:16:39.422 22106 22170 I EssentialsDailyForecast: Querying daily forecast cache for request=1581780847
03-11 12:16:39.423 22106 22170 I EssentialsDailyForecast: Old daily forecast is different from new daily forecast for request=1581780847
03-11 12:16:39.428 22106 22171 I EssentialsCurrentCondit: Current condition cache hit for request=2131550694
03-11 12:16:39.429 22106 22176 I EssentialsDailyForecast: Querying daily forecast cache for request=231847088
03-11 12:16:39.430 22106 22171 I EssentialsDailyForecast: Old daily forecast is different from new daily forecast for request=231847088
03-11 12:16:39.433 22106 22169 I LocationProviderImpl: Last location obtained successfully
03-11 12:16:39.433 22106 22169 I LocationProviderImpl: Using last known location, age=PT23.54S
03-11 12:16:39.435 22106 22169 I EssentialsDailyForecast: Daily forecast cache hit for request=-1105819202
03-11 12:16:39.435 22106 22169 I EssentialsDailyForecast: Daily forecast cache hit for request=2131550694
03-11 12:16:39.439 22106 22176 I EssentialsDailyForecast: Daily forecast cache hit for request=1581780847
03-11 12:16:39.440 22106 22176 I LocationProviderImpl: Last location obtained successfully
03-11 12:16:39.440  1800  2590 W ParceledListSlice: Element #25 is 24192 bytes.
03-11 12:16:39.440 22106 22176 I LocationProviderImpl: Using last known location, age=PT23.547S
03-11 12:16:39.444 22106 22176 I EssentialsDailyForecast: Daily forecast cache hit for request=231847088
03-11 12:16:39.453 22106 22177 I LocationProviderImpl: Trying to obtain last location.
03-11 12:16:39.454  1800  4994 W ParceledListSlice: Element #124 is 140132 bytes.
03-11 12:16:39.454  1800  4994 W ParceledListSlice: Overly large reply size: 158320
03-11 12:16:39.454 22106 22169 I LocationProviderImpl: Trying to obtain last location.
03-11 12:16:39.457 22106 22151 I SyncManagerImpl: #sync() complete
03-11 12:16:39.458  1800  5270 W ParceledListSlice: Element #227 is 65972 bytes.
03-11 12:16:39.458  1800  5270 W ParceledListSlice: Overly large reply size: 130664
03-11 12:16:39.459  1800  4289 W ParceledListSlice: Element #228 is 17048 bytes.
03-11 12:16:39.460 22106 22174 I SyncManagerImpl: Completed sync. Scheduling next wakeup
03-11 12:16:39.460 22106 22174 I SyncWorkManagerPeriodic: Scheduling next periodic WorkManager workers
03-11 12:16:39.461  7431  7435 W inkedin.android: Reducing the number of considered missed Gc histogram windows from 219 to 100
03-11 12:16:39.461  1800  4994 W ParceledListSlice: Element #296 is 24288 bytes.
03-11 12:16:39.464  1800  4994 W ParceledListSlice: Element #341 is 29484 bytes.
03-11 12:16:39.464  1800  4289 W ParceledListSlice: Element #358 is 16616 bytes.
03-11 12:16:39.465 22106 22177 I LocationProviderImpl: Trying to obtain last location.
03-11 12:16:39.466 22106 22151 I WM-WorkerWrapper: Worker result SUCCESS for Work [ id=a19940b8-1600-468c-9f34-bf8fe411c514, tags={ com.google.apps.tiktok.contrib.work.TikTokListenableWorker,com.google.apps.tiktok.sync.impl.workmanager.SyncPeriodicWorker,TikTokWorker#com.google.apps.tiktok.sync.impl.workmanager.SyncPeriodicWorker } ]
03-11 12:16:39.470 22106 22176 I LocationProviderImpl: Last location obtained successfully
03-11 12:16:39.471 22106 22176 I LocationProviderImpl: Using last known location, age=PT23.578S
03-11 12:16:39.473 22106 22176 I LocationProviderImpl: Trying to obtain last location.
03-11 12:16:39.475 22041 22057 I droid.deskclock: Waiting for a blocking GC ProfileSaver
03-11 12:16:39.480 22106 22106 D WM-Processor: n a19940b8-1600-468c-9f34-bf8fe411c514 executed; reschedule = false
03-11 12:16:39.480 22106 22106 D WM-SystemJobService: a19940b8-1600-468c-9f34-bf8fe411c514 executed on JobScheduler
03-11 12:16:39.483 22106 22177 I LocationProviderImpl: Last location obtained successfully
03-11 12:16:39.485 22106 22177 I LocationProviderImpl: Using last known location, age=PT23.592S
03-11 12:16:39.491 22106 22175 I LocationProviderImpl: Last location obtained successfully
03-11 12:16:39.491 22106 22176 I LocationProviderImpl: Last location obtained successfully
03-11 12:16:39.491 22106 22176 I LocationProviderImpl: Using last known location, age=PT23.599S
03-11 12:16:39.491 22106 22175 I LocationProviderImpl: Using last known location, age=PT23.599S
03-11 12:16:39.492 22106 22175 I LocationProviderImpl: Last location obtained successfully
03-11 12:16:39.492 22106 22175 I LocationProviderImpl: Using last known location, age=PT23.6S
03-11 12:16:39.500 22106 22151 D WM-GreedyScheduler: Cancelling work ID a19940b8-1600-468c-9f34-bf8fe411c514
03-11 12:16:39.520 22106 22106 I Endpoint: Created gRPC endpoint for service class com.google.android.apps.weather.api.server.Service
03-11 12:16:39.528 22106 22151 D WM-SystemJobScheduler: Scheduling work ID a19940b8-1600-468c-9f34-bf8fe411c514Job ID 15686
03-11 12:16:39.552 22106 22151 D WM-GreedyScheduler: Starting tracking for 36b7ac3a-c313-4aaf-b113-3f99e86ddfdf,a549a77e-86c9-4b83-90ed-6b0f32b5998d
03-11 12:16:39.558 22106 22151 D WM-GreedyScheduler: Cancelling work ID 36b7ac3a-c313-4aaf-b113-3f99e86ddfdf
03-11 12:16:39.568 22106 22151 D WM-SystemJobScheduler: Scheduling work ID 36b7ac3a-c313-4aaf-b113-3f99e86ddfdfJob ID 15687
03-11 12:16:39.575 22106 22151 D WM-GreedyScheduler: Starting tracking for a549a77e-86c9-4b83-90ed-6b0f32b5998d
03-11 12:16:39.579 22106 22151 D WM-GreedyScheduler: Cancelling work ID a549a77e-86c9-4b83-90ed-6b0f32b5998d
03-11 12:16:39.601 22106 22150 I LocalWeatherDataService: Loading local weather from cache
03-11 12:16:39.617 25820 25820 D VRI[InstrumentationActivityInvoker$EmptyActivity]: visibilityChanged oldVisibility=true newVisibility=false
03-11 12:16:39.628 22106 22150 I EssentialsCurrentCondit: Querying current condition cache for request=-66601366
03-11 12:16:39.631 22106 22174 I LocalWeatherDataService: Loading local weather from cache
03-11 12:16:39.632 22106 22151 D WM-SystemJobScheduler: Scheduling work ID a549a77e-86c9-4b83-90ed-6b0f32b5998dJob ID 15688
03-11 12:16:39.636 25820 25820 D LifecycleMonitor: Lifecycle status change: androidx.activity.ComponentActivity@d0ac30 in: STOPPED
03-11 12:16:39.636 25820 25820 V ActivityScenario: Update currentActivityStage to STOPPED, currentActivity=androidx.activity.ComponentActivity@d0ac30
03-11 12:16:39.641 22106 22174 I EssentialsCurrentCondit: Querying current condition cache for request=-66601366
03-11 12:16:39.644 25820 25820 D LifecycleMonitor: Lifecycle status change: androidx.activity.ComponentActivity@d0ac30 in: DESTROYED
03-11 12:16:39.644 25820 25820 V ActivityScenario: Update currentActivityStage to DESTROYED, currentActivity=null
03-11 12:16:39.645 25820 25820 W WindowOnBackDispatcher: sendCancelIfRunning: isInProgress=false callback=android.view.ViewRootImpl$$ExternalSyntheticLambda11@a608f0
03-11 12:16:39.649 22041 22051 I IPCThreadState: oneway function results for code 2 on binder at 0xb400007085577df0 will be dropped but finished with status UNKNOWN_TRANSACTION
03-11 12:16:39.650 25820 25820 D LifecycleMonitor: Lifecycle status change: androidx.test.core.app.InstrumentationActivityInvoker$EmptyActivity@fbc9569 in: STOPPED
03-11 12:16:39.651 25820 25820 D LifecycleMonitor: Lifecycle status change: androidx.test.core.app.InstrumentationActivityInvoker$EmptyActivity@fbc9569 in: DESTROYED
03-11 12:16:39.651 25820 25820 W WindowOnBackDispatcher: sendCancelIfRunning: isInProgress=false callback=android.view.ViewRootImpl$$ExternalSyntheticLambda11@2d16d52
03-11 12:16:39.653 22106 22150 I LocalWeatherDataService: Loading local weather from cache
03-11 12:16:39.655 22041 22051 I IPCThreadState: oneway function results for code 2 on binder at 0xb400007085577640 will be dropped but finished with status UNKNOWN_TRANSACTION
03-11 12:16:39.663  2913  2913 D RecentsView: onTaskRemoved: 2413, not handling task stack changes
03-11 12:16:39.664  2913  2913 D RecentsView: onTaskRemoved: 2413, not handling task stack changes
03-11 12:16:39.668 22106 22172 I LocalWeatherDataService: Loading local weather from cache
03-11 12:16:39.669 22106 22174 I LocalWeatherDataService: Loading local weather from cache
03-11 12:16:39.671 22106 22150 I EssentialsCurrentCondit: Querying current condition cache for request=-66601366
03-11 12:16:39.672 22106 22174 I EssentialsCurrentCondit: Querying current condition cache for request=-66601366
03-11 12:16:39.672 22106 22172 I EssentialsCurrentCondit: Querying current condition cache for request=-66601366
03-11 12:16:39.673 22106 22172 I LocalWeatherDataService: Loading local weather from cache
03-11 12:16:39.675 22106 22172 I EssentialsCurrentCondit: Querying current condition cache for request=-66601366
03-11 12:16:39.678 25820 25844 D IdlingRegistry: Unregistering idling resources: [androidx.compose.ui.test.EspressoLink@41a5583]
03-11 12:16:39.678 25820 25844 I TestRunner: finished: shouldShowValidErrorMessage_WhenGettingTasksFails(dev.mambo.lib.ui.presentation.screens.tasks.TasksScreenTest)
