03-11 12:41:04.356 29966 29990 I TestRunner: started: shouldShowValidErrorMessage_WhenGettingTasksFails(dev.mambo.lib.ui.presentation.screens.tasks.TasksScreenTest)
03-11 12:41:04.388  4068  4782 I AiAiEcho: (REDACTED) EchoSearch: WidgetFetcherImpl is initialized with [%d] widgets [reason=%s]
03-11 12:41:04.399  3894  3894 I WorkService: Moved work service to foreground
03-11 12:41:04.399  3894  3894 I bez     : Starting the handler for work type: HANDLE_PACKAGES_CHANGED
03-11 12:41:04.400  3894  3894 I WorkService: Work service returning from onStartCommand, work count: 1
03-11 12:41:04.404  3894 29995 I beq     : No reboot detected, boot count: 166
03-11 12:41:04.409  3894 29995 I beq     : Found: 2 changed packages for sequence number: 130, new sequence number: 134
03-11 12:41:04.420 29966 29990 W FileTestStorage: Output properties is not supported.
03-11 12:41:04.421 29966 29990 I Tracing : Tracer added: class androidx.test.platform.tracing.AndroidXTracer
03-11 12:41:04.424  1800  3579 D SafetySourceDataValidat: No cert check requested for package com.google.android.odad
03-11 12:41:04.430 29966 29966 D EventInjectionStrategy: Creating injection strategy with input manager.
03-11 12:41:04.431 29966 29966 W esentation.test: Accessing hidden method Landroid/hardware/input/InputManager;->getInstance()Landroid/hardware/input/InputManager; (unsupported, reflection, allowed)
03-11 12:41:04.431 29966 29966 W esentation.test: Accessing hidden method Landroid/hardware/input/InputManager;->injectInputEvent(Landroid/view/InputEvent;I)Z (unsupported, reflection, allowed)
03-11 12:41:04.432 29966 29966 W esentation.test: Accessing hidden field Landroid/hardware/input/InputManager;->INJECT_INPUT_EVENT_MODE_WAIT_FOR_FINISH:I (unsupported, reflection, allowed)
03-11 12:41:04.435  3894 29995 I beq     : Handling installed or updated package: com.google.android.apps.carrier.carrierwifi
03-11 12:41:04.435  3894 29995 I brv     : Attempting to classify package: com.google.android.apps.carrier.carrierwifi using model: bll_1
03-11 12:41:04.437  3894 29995 I brv     : Skipping package: com.google.android.apps.carrier.carrierwifi, it was already classified as: NOT_HARMFUL, and rescan was disabled
03-11 12:41:04.479  3028 26021 I NearbyMediums: No BLE Fast/GATT advertisements found in the latest cycle.
03-11 12:41:04.482 29966 29966 W esentation.test: Accessing hidden method Landroid/os/MessageQueue;->next()Landroid/os/Message; (unsupported, reflection, allowed)
03-11 12:41:04.482 29966 29966 W esentation.test: Accessing hidden field Landroid/os/MessageQueue;->mMessages:Landroid/os/Message; (unsupported, reflection, allowed)
03-11 12:41:04.482 29966 29966 W esentation.test: Accessing hidden method Landroid/os/Message;->recycleUnchecked()V (unsupported, reflection, allowed)
03-11 12:41:04.483 29966 29990 D IdlingRegistry: Registering idling resources: [androidx.compose.ui.test.EspressoLink@41a5583]
03-11 12:41:04.503 29966 29990 W Settings: Setting always_finish_activities has moved from android.provider.Settings.System to android.provider.Settings.Global, returning read-only value.
03-11 12:41:04.514  1800  3579 V GrammaticalInflectionUtils: AttributionSource: android.content.AttributionSource@2409d5c0 does not have READ_SYSTEM_GRAMMATICAL_GENDER permission.
03-11 12:41:04.542 29966 29997 D vulkan  : searching for layers in '/data/app/~~mbTD6pvPqMtlrgPr1yJIaQ==/dev.mambo.lib.ui.presentation.test-v42k6hz2WhL_3Nx4alDQdQ==/lib/arm64'
03-11 12:41:04.542 29966 29997 D vulkan  : searching for layers in '/data/app/~~mbTD6pvPqMtlrgPr1yJIaQ==/dev.mambo.lib.ui.presentation.test-v42k6hz2WhL_3Nx4alDQdQ==/base.apk!/lib/arm64-v8a'
03-11 12:41:04.543 29966 29997 I DMABUFHEAPS: Using DMA-BUF heap named: vframe-secure
03-11 12:41:04.546   717   717 I BpBinder: onLastStrongRef automatically unlinking death recipients:
03-11 12:41:04.546  3894 29995 I beq     : Handling installed or updated package: dev.mambo.lib.ui.presentation.test
03-11 12:41:04.547  3894 29995 I brv     : Attempting to classify package: dev.mambo.lib.ui.presentation.test using model: bll_1
03-11 12:41:04.554 29966 29966 D LifecycleMonitor: Lifecycle status change: androidx.activity.ComponentActivity@d0ac30 in: PRE_ON_CREATE
03-11 12:41:04.554 29966 29966 V ActivityScenario: Activity lifecycle changed event received but ignored because the reported transition was not ON_CREATE while the last known transition was PRE_ON_CREATE
03-11 12:41:04.565 10233 10233 D WM-DelayedWorkTracker: Scheduling work c8360053-74c4-4a18-be79-67118a6a0af4
03-11 12:41:04.571   635   635 I lowmemorykiller: Kill 'com.google.android.partnersetup' (14163), uid 10112, oom_score_adj 985 to free 70292kB rss, 36748kB swap; reason: low watermark is breached
03-11 12:41:04.575 10233 10233 D WM-GreedyScheduler: Starting tracking for c8360053-74c4-4a18-be79-67118a6a0af4
03-11 12:41:04.576 29966 29966 D DesktopModeFlagsUtil: Toggle override initialized to: OVERRIDE_UNSET
03-11 12:41:04.579   719   757 E hwc-display: [PrimaryDisplay] resetColorMappingInfoForClientComp:: resetColorMappingInfo() idx=1 error(-22)
03-11 12:41:04.580 10233 10233 D WM-DelayedWorkTracker: Scheduling work 3a42e375-0a81-43e1-a3c6-4b0ec619810c
03-11 12:41:04.580 10233 10233 D WM-GreedyScheduler: Starting tracking for 3a42e375-0a81-43e1-a3c6-4b0ec619810c
03-11 12:41:04.580   719   757 E hwc-display: Fail to open file /data/vendor/log/hwc/PrimaryDisplay_hwc_error_log0.txt, error: Permission denied
03-11 12:41:04.580   719   757 E hwc-display: Fail to open file /data/log/PrimaryDisplay_hwc_error_log0.txt, error: No such file or directory
03-11 12:41:04.580   719   757 E hwc-display: Unable to open log file for PrimaryDisplay_hwc_error_log0.txt
03-11 12:41:04.585 10233 10233 D WM-SystemJobService: onStartJob for WorkGenerationalId(workSpecId=c8360053-74c4-4a18-be79-67118a6a0af4, generation=0)
03-11 12:41:04.585 10233 10233 D WM-SystemJobService: onStartJob for WorkGenerationalId(workSpecId=3a42e375-0a81-43e1-a3c6-4b0ec619810c, generation=0)
03-11 12:41:04.576   719   719 W HwBinder:719_2: type=1400 audit(0.0:11141): avc:  denied  { search } for  name="log" dev="dm-67" ino=346 scontext=u:r:hal_graphics_composer_default:s0 tcontext=u:object_r:vendor_log_file:s0 tclass=dir permissive=0
03-11 12:41:04.576   719   719 W HwBinder:719_2: type=1400 audit(0.0:11142): avc:  denied  { search } for  name="log" dev="dm-67" ino=346 scontext=u:r:hal_graphics_composer_default:s0 tcontext=u:object_r:vendor_log_file:s0 tclass=dir permissive=0
03-11 12:41:04.592 10233 10292 D WM-Processor: p: processing WorkGenerationalId(workSpecId=c8360053-74c4-4a18-be79-67118a6a0af4, generation=0)
03-11 12:41:04.592 10233 10292 D WM-Processor: p: processing WorkGenerationalId(workSpecId=3a42e375-0a81-43e1-a3c6-4b0ec619810c, generation=0)
03-11 12:41:04.598  4235  4241 W earchbox:search: Suspending all threads took: 6.668ms
03-11 12:41:04.601 10233 10233 D WM-WorkerWrapper: Starting work for com.bizilabs.streeek.lib.domain.workers.SyncLeaderboardWork
03-11 12:41:04.602 29966 29966 D LifecycleMonitor: Lifecycle status change: androidx.activity.ComponentActivity@d0ac30 in: CREATED
03-11 12:41:04.603 29966 29966 V ActivityScenario: Update currentActivityStage to CREATED, currentActivity=androidx.activity.ComponentActivity@d0ac30
03-11 12:41:04.603 29966 29966 D LifecycleMonitor: Lifecycle status change: androidx.activity.ComponentActivity@d0ac30 in: STARTED
03-11 12:41:04.603 29966 29966 V ActivityScenario: Update currentActivityStage to STARTED, currentActivity=androidx.activity.ComponentActivity@d0ac30
03-11 12:41:04.604 10233 10233 D WM-WorkerWrapper: Starting work for com.bizilabs.streeek.lib.domain.workers.SyncDailyContributionsWork
03-11 12:41:04.606 29966 29966 D CompatChangeReporter: Compat change id reported: 37756858; UID 10542; state: ENABLED
03-11 12:41:04.606 10233 10292 D WM-ConstraintTracker: a: initial state = true
03-11 12:41:04.606 10233 10292 D WM-BrdcstRcvrCnstrntTrc: a: registering receiver
03-11 12:41:04.607  1800  4391 W ParceledListSlice: Element #47 is 22564 bytes.
03-11 12:41:04.608  1800  4391 W ParceledListSlice: Element #48 is 22520 bytes.
03-11 12:41:04.609  1800  4391 W ParceledListSlice: Element #49 is 22788 bytes.
03-11 12:41:04.609  1800  4391 W ParceledListSlice: Element #50 is 23564 bytes.
03-11 12:41:04.609 10233 10293 D WM-ConstraintTracker: a: initial state = true
03-11 12:41:04.609 10233 10293 D WM-BrdcstRcvrCnstrntTrc: a: registering receiver
03-11 12:41:04.614 29966 29966 D LifecycleMonitor: Lifecycle status change: androidx.activity.ComponentActivity@d0ac30 in: RESUMED
03-11 12:41:04.615 29966 29966 V ActivityScenario: Update currentActivityStage to RESUMED, currentActivity=androidx.activity.ComponentActivity@d0ac30
03-11 12:41:04.615   635   635 I lowmemorykiller: Kill 'com.ubercab' (19969), uid 10258, oom_score_adj 985 to free 76940kB rss, 84708kB swap; reason: low watermark is breached
03-11 12:41:04.616  1304  1304 I Zygote  : Process 14163 exited due to signal 9 (Killed)
03-11 12:41:04.633  1800  1930 I libprocessgroup: Removed cgroup /sys/fs/cgroup/uid_10112/pid_14163
03-11 12:41:04.648   719   757 E hwc-display: [PrimaryDisplay] resetColorMappingInfoForClientComp:: resetColorMappingInfo() idx=2 error(-22)
03-11 12:41:04.648   719   757 E hwc-display: Fail to open file /data/vendor/log/hwc/PrimaryDisplay_hwc_error_log0.txt, error: Permission denied
03-11 12:41:04.648   719   757 E hwc-display: Fail to open file /data/log/PrimaryDisplay_hwc_error_log0.txt, error: No such file or directory
03-11 12:41:04.648   719   757 E hwc-display: Unable to open log file for PrimaryDisplay_hwc_error_log0.txt
03-11 12:41:04.650 10233 10293 D WM-ConstraintTracker: j: initial state = NetworkState(isConnected=true, isValidated=true, isMetered=false, isNotRoaming=true)
03-11 12:41:04.650 10233 10293 D WM-NetworkStateTracker: Registering network callback
03-11 12:41:04.652  1800  2590 D ConnectivityService: requestNetwork for uid/pid:10543/10233 activeRequest: null callbackRequest: 3943 [NetworkRequest [ REQUEST id=3944, [ Capabilities: INTERNET&NOT_RESTRICTED&TRUSTED&NOT_VCN_MANAGED&NOT_BANDWIDTH_CONSTRAINED Uid: 10543 RequestorUid: 10543 RequestorPkg: com.bizilabs.app.streeek.mobile UnderlyingNetworks: Null] ]] callback flags: 0 order: 2147483647 isUidTracked: false declaredMethods: AVAIL|LOST|NC
03-11 12:41:04.658  1800  2435 D OemPaidWifiNetworkFactory: got request NetworkRequest [ REQUEST id=3944, [ Capabilities: INTERNET&NOT_RESTRICTED&TRUSTED&NOT_VCN_MANAGED&NOT_BANDWIDTH_CONSTRAINED Uid: 10543 RequestorUid: 10543 RequestorPkg: com.bizilabs.app.streeek.mobile UnderlyingNetworks: Null] ]
03-11 12:41:04.658  1800  2435 D MultiInternetWifiNetworkFactory: got request NetworkRequest [ REQUEST id=3944, [ Capabilities: INTERNET&NOT_RESTRICTED&TRUSTED&NOT_VCN_MANAGED&NOT_BANDWIDTH_CONSTRAINED Uid: 10543 RequestorUid: 10543 RequestorPkg: com.bizilabs.app.streeek.mobile UnderlyingNetworks: Null] ]
03-11 12:41:04.659  1800  2435 D WifiNetworkFactory: got request NetworkRequest [ REQUEST id=3944, [ Capabilities: INTERNET&NOT_RESTRICTED&TRUSTED&NOT_VCN_MANAGED&NOT_BANDWIDTH_CONSTRAINED Uid: 10543 RequestorUid: 10543 RequestorPkg: com.bizilabs.app.streeek.mobile UnderlyingNetworks: Null] ]
03-11 12:41:04.644   719   719 W HwBinder:719_2: type=1400 audit(0.0:11143): avc:  denied  { search } for  name="log" dev="dm-67" ino=346 scontext=u:r:hal_graphics_composer_default:s0 tcontext=u:object_r:vendor_log_file:s0 tclass=dir permissive=0
03-11 12:41:04.644   719   719 W HwBinder:719_2: type=1400 audit(0.0:11144): avc:  denied  { search } for  name="log" dev="dm-67" ino=346 scontext=u:r:hal_graphics_composer_default:s0 tcontext=u:object_r:vendor_log_file:s0 tclass=dir permissive=0
03-11 12:41:04.659  1800  2435 D UntrustedWifiNetworkFactory: got request NetworkRequest [ REQUEST id=3944, [ Capabilities: INTERNET&NOT_RESTRICTED&TRUSTED&NOT_VCN_MANAGED&NOT_BANDWIDTH_CONSTRAINED Uid: 10543 RequestorUid: 10543 RequestorPkg: com.bizilabs.app.streeek.mobile UnderlyingNetworks: Null] ]
03-11 12:41:04.660 10233 11602 D WM-NetworkStateTracker: Network capabilities changed: [ Transports: WIFI Capabilities: NOT_METERED&INTERNET&NOT_RESTRICTED&TRUSTED&NOT_VPN&VALIDATED&NOT_ROAMING&FOREGROUND&NOT_CONGESTED&NOT_SUSPENDED&NOT_VCN_MANAGED&NOT_BANDWIDTH_CONSTRAINED LinkUpBandwidth>=6869Kbps LinkDnBandwidth>=6829Kbps TransportInfo: <SSID: <unknown ssid>, BSSID: 02:00:00:00:00:00, MAC: 02:00:00:00:00:00, IP: /192.168.0.104, Security type: 2, Supplicant state: COMPLETED, Wi-Fi standard: 11n, RSSI: -57, Link speed: 72Mbps, Tx Link speed: 72Mbps, Max Supported Tx Link speed: 300Mbps, Rx Link speed: 144Mbps, Max Supported Rx Link speed: 300Mbps, Frequency: 2442MHz, Net ID: -1, Metered hint: false, score: 60, isUsable: true, CarrierMerged: false, SubscriptionId: -1, IsPrimary: -1, Trusted: true, Restricted: false, Ephemeral: false, OEM paid: false, OEM private: false, OSU AP: false, FQDN: <none>, Provider friendly name: <none>, Requesting package name: <none><none>MLO Information: , Is TID-To-Link negotiation supported by the AP: false, AP MLD Address: <none>, AP MLO Link Id: <none>, AP MLO Affiliated links: <none>, Vendor Data: <none>> SignalStrength: -57 UnderlyingNetworks: Null]
03-11 12:41:04.662   635   635 I lowmemorykiller: Kill 'com.google.android.projection.gearhead:provider' (14054), uid 10153, oom_score_adj 985 to free 67248kB rss, 44896kB swap; reason: low watermark is breached
03-11 12:41:04.664   717   767 W ServiceManagerCppClient: Permission failure: android.permission.ACCESS_SURFACE_FLINGER from uid=10542 pid=0
03-11 12:41:04.664   717   767 D PermissionCache: checking android.permission.ACCESS_SURFACE_FLINGER for uid=10542 => denied (323 us)
03-11 12:41:04.664   717  3023 W ServiceManagerCppClient: Permission failure: android.permission.ACCESS_SURFACE_FLINGER from uid=10542 pid=29966
03-11 12:41:04.664   717  3023 D PermissionCache: checking android.permission.ACCESS_SURFACE_FLINGER for uid=10542 => denied (145 us)
03-11 12:41:04.665   717   767 W ServiceManagerCppClient: Permission failure: android.permission.ROTATE_SURFACE_FLINGER from uid=10542 pid=0
03-11 12:41:04.665   717   767 D PermissionCache: checking android.permission.ROTATE_SURFACE_FLINGER for uid=10542 => denied (105 us)
03-11 12:41:04.665   717  3023 W ServiceManagerCppClient: Permission failure: android.permission.ROTATE_SURFACE_FLINGER from uid=10542 pid=29966
03-11 12:41:04.665   717  3023 D PermissionCache: checking android.permission.ROTATE_SURFACE_FLINGER for uid=10542 => denied (97 us)
03-11 12:41:04.665   717   767 W ServiceManagerCppClient: Permission failure: android.permission.INTERNAL_SYSTEM_WINDOW from uid=10542 pid=0
03-11 12:41:04.665   717   767 D PermissionCache: checking android.permission.INTERNAL_SYSTEM_WINDOW for uid=10542 => denied (126 us)
03-11 12:41:04.665   717  3023 W ServiceManagerCppClient: Permission failure: android.permission.INTERNAL_SYSTEM_WINDOW from uid=10542 pid=29966
03-11 12:41:04.665   717  3023 D PermissionCache: checking android.permission.INTERNAL_SYSTEM_WINDOW for uid=10542 => denied (167 us)
03-11 12:41:04.674  1304  1304 I Zygote  : Process 19969 exited due to signal 9 (Killed)
03-11 12:41:04.675  5140  5140 D BoundBrokerSvc: onUnbind: Intent { act=com.google.android.gms.measurement.START pkg=com.google.android.gms }
03-11 12:41:04.676  5140  5140 D BoundBrokerSvc: onUnbind: Intent { act=com.google.android.gms.appset.service.START dat=chimera-action:/... cmp=com.google.android.gms/.chimera.GmsApiService }
03-11 12:41:04.681 10233 10292 D WM-GreedyScheduler: Constraints met: Scheduling work ID WorkGenerationalId(workSpecId=c8360053-74c4-4a18-be79-67118a6a0af4, generation=0)
03-11 12:41:04.682  5140  5140 D BoundBrokerSvc: onUnbind: Intent { act=com.google.android.gms.auth.blockstore.service.START dat=chimera-action:/... cmp=com.google.android.gms/.chimera.GmsApiService }
03-11 12:41:04.682 10233 10292 D WM-GreedyScheduler: Constraints met: Scheduling work ID WorkGenerationalId(workSpecId=3a42e375-0a81-43e1-a3c6-4b0ec619810c, generation=0)
03-11 12:41:04.682 10233 10292 D WM-Processor: Work WorkGenerationalId(workSpecId=c8360053-74c4-4a18-be79-67118a6a0af4, generation=0) is already enqueued for processing
03-11 12:41:04.683 10233 10292 D WM-Processor: Work WorkGenerationalId(workSpecId=3a42e375-0a81-43e1-a3c6-4b0ec619810c, generation=0) is already enqueued for processing
03-11 12:41:04.689  1800  2443 D ConnectivityService: NetReassign [3944 : null → 104] [c 1] [a 2] [i 33]
03-11 12:41:04.689  1800  2443 D ConnectivityService: releasing NetworkRequest [ REQUEST id=3767, [ Capabilities: INTERNET&NOT_RESTRICTED&TRUSTED&NOT_VCN_MANAGED&NOT_BANDWIDTH_CONSTRAINED Uid: 10258 RequestorUid: 10258 RequestorPkg: com.ubercab UnderlyingNetworks: Null] ] (release request)
03-11 12:41:04.690  1800  2443 D ConnectivityService: releasing NetworkRequest [ REQUEST id=3772, [ Capabilities: INTERNET&NOT_RESTRICTED&TRUSTED&NOT_VCN_MANAGED&NOT_BANDWIDTH_CONSTRAINED Uid: 10258 RequestorUid: 10258 RequestorPkg: com.ubercab UnderlyingNetworks: Null] ] (release request)
03-11 12:41:04.690  1800  2443 D ConnectivityService: releasing NetworkRequest [ REQUEST id=3769, [ Capabilities: INTERNET&NOT_RESTRICTED&TRUSTED&NOT_VCN_MANAGED&NOT_BANDWIDTH_CONSTRAINED Uid: 10258 RequestorUid: 10258 RequestorPkg: com.ubercab UnderlyingNetworks: Null] ] (release request)
03-11 12:41:04.697  1800  1930 I libprocessgroup: Removed cgroup /sys/fs/cgroup/uid_10258/pid_19969
03-11 12:41:04.713   635   635 I lowmemorykiller: Kill 'com.google.android.apps.tachyon' (23237), uid 10271, oom_score_adj 975 to free 72636kB rss, 58792kB swap; reason: low watermark is breached
03-11 12:41:04.724  1800  4626 W ServiceManagerCppClient: Permission failure: android.permission.ACCESS_SURFACE_FLINGER from uid=10542 pid=0
03-11 12:41:04.724  1800  4626 D PermissionCache: checking android.permission.ACCESS_SURFACE_FLINGER for uid=10542 => denied (106 us)
03-11 12:41:04.724  1800  4626 W ServiceManagerCppClient: Permission failure: android.permission.ROTATE_SURFACE_FLINGER from uid=10542 pid=0
03-11 12:41:04.724  1800  4626 D PermissionCache: checking android.permission.ROTATE_SURFACE_FLINGER for uid=10542 => denied (35 us)
03-11 12:41:04.724  1800  4626 W ServiceManagerCppClient: Permission failure: android.permission.INTERNAL_SYSTEM_WINDOW from uid=10542 pid=0
03-11 12:41:04.724  1800  4626 D PermissionCache: checking android.permission.INTERNAL_SYSTEM_WINDOW for uid=10542 => denied (30 us)
03-11 12:41:04.727  1800  1872 W ziparchive: Unable to open '/data/app/~~mbTD6pvPqMtlrgPr1yJIaQ==/dev.mambo.lib.ui.presentation.test-v42k6hz2WhL_3Nx4alDQdQ==/base.dm': No such file or directory
03-11 12:41:04.728  1800  1872 I ActivityTaskManager: Displayed dev.mambo.lib.ui.presentation.test/androidx.activity.ComponentActivity for user 0: +217ms
03-11 12:41:04.746   719   757 E hwc-display: [PrimaryDisplay] resetColorMappingInfoForClientComp:: resetColorMappingInfo() idx=2 error(-22)
03-11 12:41:04.746   719   757 E hwc-display: Fail to open file /data/vendor/log/hwc/PrimaryDisplay_hwc_error_log0.txt, error: Permission denied
03-11 12:41:04.746   719   757 E hwc-display: Fail to open file /data/log/PrimaryDisplay_hwc_error_log0.txt, error: No such file or directory
03-11 12:41:04.746   719   757 E hwc-display: Unable to open log file for PrimaryDisplay_hwc_error_log0.txt
03-11 12:41:04.749  1800  2483 W ServiceManagerCppClient: Waited one second for android.hardware.biometrics.fingerprint.IFingerprint/default (is service started? Number of threads started in the threadpool: 32. Are binder threads started and available?)
03-11 12:41:04.753  1678  1678 I adbd    : Remote process closed the socket (on MSG_PEEK)
03-11 12:41:04.755  1304  1304 I Zygote  : Process 14054 exited due to signal 9 (Killed)
03-11 12:41:04.755  1800  2289 I ImeTracker: dev.mambo.lib.ui.presentation.test:3340eee2: onRequestHide at ORIGIN_SERVER reason HIDE_UNSPECIFIED_WINDOW fromUser false
03-11 12:41:04.755  1800  1930 I libprocessgroup: Removed cgroup /sys/fs/cgroup/uid_10153/pid_14054
03-11 12:41:04.755  1800  2289 I ImeTracker: dev.mambo.lib.ui.presentation.test:3340eee2: onCancelled at PHASE_SERVER_SHOULD_HIDE
03-11 12:41:04.758   636 30027 W libc    : Unable to set property "ctl.interface_start" to "aidl/android.hardware.biometrics.fingerprint.IFingerprint/default": PROP_ERROR_HANDLE_CONTROL_MESSAGE (0x20)
03-11 12:41:04.760  1800  2443 D ConnectivityService: releasing NetworkRequest [ REQUEST id=3840, [ Capabilities: INTERNET&NOT_RESTRICTED&TRUSTED&NOT_VCN_MANAGED&NOT_BANDWIDTH_CONSTRAINED Uid: 10271 RequestorUid: 10271 RequestorPkg: com.google.android.apps.tachyon UnderlyingNetworks: Null] ] (release request)
03-11 12:41:04.760  4028  4028 I GoogleInputMethodService: GoogleInputMethodService.onFinishInput():2589
03-11 12:41:04.761  4028  4028 I Module  : DeviceLockedStatusModuleProvider$Module.updateDeviceLockedStatus():100 repeatCheckTimes = 0, locked = false
03-11 12:41:04.761  4028  4028 I GoogleInputMethodService: GoogleInputMethodService.onStartInput():1568 onStartInput(EditorInfo{EditorInfo{packageName=dev.mambo.lib.ui.presentation.test, inputType=0, inputTypeString=NULL, enableLearning=false, autoCorrection=false, autoComplete=false, imeOptions=0, privateImeOptions=null, actionName=UNSPECIFIED, actionLabel=null, initialSelStart=-1, initialSelEnd=-1, initialCapsMode=0, label=null, fieldId=0, fieldName=null, extras=null, hintText=null, hintLocales=[]}}, false)
03-11 12:41:04.761  4028  4028 I Module  : DeviceLockedStatusModuleProvider$Module.updateDeviceLockedStatus():100 repeatCheckTimes = 1, locked = false
03-11 12:41:04.764   635   635 I lowmemorykiller: Kill 'com.google.android.turboadapter' (27421), uid 10214, oom_score_adj 995 to free 59824kB rss, 38904kB swap; reason: low watermark is breached
03-11 12:41:04.765  4028  4028 I AndroidIME: InputBundleManager.loadActiveInputBundleId():407 loadActiveInputBundleId: und-Latn-x-password, password
03-11 12:41:04.768  1304  1304 I Zygote  : Process 23237 exited due to signal 9 (Killed)
03-11 12:41:04.768  1800  1930 I libprocessgroup: Removed cgroup /sys/fs/cgroup/uid_10271/pid_23237
03-11 12:41:04.771  1678  1678 I adbd    : Remote process closed the socket (on MSG_PEEK)
03-11 12:41:04.787  3894  3894 I ContentProtectionServic: CP service onConnected
03-11 12:41:04.788  3894  3952 I bku     : Starting to build the allowlist
03-11 12:41:04.792  2913  2983 D PackageUpdatedTask: Package updated: mOp=UPDATE packages=[dev.mambo.lib.ui.presentation.test], user=UserHandle{0}
03-11 12:41:04.793  4068 29988 I AiAiEcho: (REDACTED) AppIndexer Package:[%s] UserProfile:[%d] Enabled:[%s].
03-11 12:41:04.793  4068 29988 I AiAiEcho: (REDACTED) AppFetcherImplV2 updateApps package:[%s], userId:[%d], reason:[%s].
03-11 12:41:04.794  4068 29988 D LauncherApps: getActivityList: No launchable activities found forpackageName=dev.mambo.lib.ui.presentation.test, user=UserHandle{0}
03-11 12:41:04.798  1400  1480 I WifiHAL : Creating message to get link statistics; iface = 47
03-11 12:41:04.812   635   635 I lowmemorykiller: Kill 'com.google.android.keep' (15495), uid 10272, oom_score_adj 995 to free 81516kB rss, 56904kB swap; reason: low watermark is breached
03-11 12:41:04.834  1304  1304 I Zygote  : Process 27421 exited due to signal 9 (Killed)
03-11 12:41:04.842  1800  1930 I libprocessgroup: Removed cgroup /sys/fs/cgroup/uid_10214/pid_27421
03-11 12:41:04.842  4235  5489 I ZipLPPopulator: (REDACTED) Updated file group for group '%s' from location: %s
03-11 12:41:04.843  1400  1480 I WifiHAL : Getting cached scan results, iface handle = 0xb4000070a6636710
03-11 12:41:04.843  1400  1480 E WifiHAL : Creating message to get cached scan results
03-11 12:41:04.843  1400  1480 D WifiHAL : error code -95 mapped to -3
03-11 12:41:04.844  1800  2435 E WifiStaIfaceAidlImpl: getCachedScanData failed with service-specific exception: android.os.ServiceSpecificException:  (code 4)
03-11 12:41:04.844  1304  1304 I Zygote  : Process 15495 exited due to signal 9 (Killed)
03-11 12:41:04.851  3894 29995 I bfr     : BLL finished for package: dev.mambo.lib.ui.presentation.test, score: 11000016, verdict: HARMFUL
03-11 12:41:04.851  3894 29995 I brv     : Finished new classification for package: dev.mambo.lib.ui.presentation.test, model: bll_1, verdict: HARMFUL, score: 1.1000016E7
03-11 12:41:04.854  2913  2983 D LauncherApps: getActivityList: No launchable activities found forpackageName=dev.mambo.lib.ui.presentation.test, user=UserHandle{0}
03-11 12:41:04.854  4235  5489 I ZipLPPopulator: (REDACTED) Updated file group for group '%s' from location: %s
03-11 12:41:04.854  4235  5489 I ZipLPPopulator: #addNewFileGroups complete
03-11 12:41:04.855  4235  5489 I fdjz    : #getPendingPackages from MDD
03-11 12:41:04.855  4235  5489 I fdjz    : #GetLanguagePackList
03-11 12:41:04.855  4235  5489 I fdjz    : MDD.getFileGroupsByFilter(langpack-domain_xx-XX_ver_zipfile)
03-11 12:41:04.856  4235  5489 W azfs    : (REDACTED) ClientFileGroup for Locale %s is empty.
03-11 12:41:04.857  2913  2983 D LauncherApps: getActivityList: No launchable activities found forpackageName=dev.mambo.lib.ui.presentation.test, user=UserHandle{0}
03-11 12:41:04.858  2913  2983 W AllAppsList: updatePackage: no Activities matched updated package, removing any AppInfo with package=dev.mambo.lib.ui.presentation.test, user=UserHandle{0}
03-11 12:41:04.858  4235  5489 I azjw    : (REDACTED) group %s not present %s in %s
03-11 12:41:04.864  3894 29995 I beq     : Work finished, result: Result(successCount=2, failureCount=0), latency: PT0.453S
03-11 12:41:04.865  4080  5255 I famc    : (REDACTED) <<< [%s] Reading SodaResourceManager message with initial resourceIds: '%s.'
03-11 12:41:04.867  4235  5491 I azhj    : (REDACTED) incrementApaDataDownloadStoreStatus(latency = %s, appVersion = %s, status = %s, locale = %s, fileGroupnames = %s, accountInScope = %s, localGroupsAvailable = %s, callSiteId = %s, timeSinceSearchBoot = %s (%s), timeSinceDataDownloadInit = %s (%s))
03-11 12:41:04.868  4080  5255 I famc    : (REDACTED) <<< [%s] Reading SodaResourceManager message with initial resourceIds: '%s.'
03-11 12:41:04.868  4080  5255 I famc    : (REDACTED) <<< [%s] Reading SodaResourceManager message with initial resourceIds: '%s.'
03-11 12:41:04.868  4080  5255 I famc    : (REDACTED) <<< [%s] Reading SodaResourceManager message with initial resourceIds: '%s.'
03-11 12:41:04.868  4080  5255 I famc    : (REDACTED) <<< [%s] Reading SodaResourceManager message with initial resourceIds: '%s.'
03-11 12:41:04.872  1800  1930 I libprocessgroup: Removed cgroup /sys/fs/cgroup/uid_10272/pid_15495
03-11 12:41:04.880  4235  5529 I DefaultLPManager: #getPackage
03-11 12:41:04.881  4235  5529 I ZipfileLPSourceImpl: #getPackage
03-11 12:41:04.881  4235  5529 I ZipLPPopulator: #addNewFileGroups
03-11 12:41:04.881  4235  5529 I fdjz    : #getDownloadableLanguagePacks
03-11 12:41:04.881  3894  3952 I bku     : Potential packages: 79, blocklist size: 5976, allowlist size: 41, latency: PT0.017S
03-11 12:41:04.883  4235  5529 I fdkt    : (REDACTED) Loaded languagepack (LP) flag value from latest config %s: %s
03-11 12:41:04.883  3894  3894 I bez     : Starting work type: HANDLE_PACKAGES_CHANGED using foreground service, isShort: false
03-11 12:41:04.883  4235  5529 I DefaultLPManager: #getPackage
03-11 12:41:04.883  4235  5529 I ZipfileLPSourceImpl: #getPackage
03-11 12:41:04.883  4235  5529 I ZipLPPopulator: #addNewFileGroups
03-11 12:41:04.883  4235  5529 I fdjz    : #getDownloadableLanguagePacks
03-11 12:41:04.884  3894  3894 I WorkService: Reusing existing notification
03-11 12:41:04.884  3894  3894 I bez     : Starting the handler for work type: HANDLE_PACKAGES_CHANGED
03-11 12:41:04.884  4235  5529 I fdkt    : (REDACTED) Loaded languagepack (LP) flag value from latest config %s: %s
03-11 12:41:04.884  3894  3894 I WorkService: Work service returning from onStartCommand, work count: 2
03-11 12:41:04.885  4235  5491 E fdii    : (REDACTED) Unrecognized recognizer for [%s, %d]: %d. Ignoring it and its associated features.
03-11 12:41:04.885  4235  4980 E fdii    : (REDACTED) Unrecognized recognizer for [%s, %d]: %d. Ignoring it and its associated features.
03-11 12:41:04.885  2913  2928 I s.nexuslauncher: NativeAlloc concurrent mark compact GC freed 14MB AllocSpace bytes, 25(1060KB) LOS objects, 75% free, 11MB/44MB, paused 380us,10.070ms total 318.642ms
03-11 12:41:04.885  2913  2928 W s.nexuslauncher: Reducing the number of considered missed Gc histogram windows from 299 to 100
03-11 12:41:04.886  4235  4980 I LPRequestState: (REDACTED) [%s] #resolveDesiredLanguagePacks
03-11 12:41:04.886  4235  4980 I LPRequestState: (REDACTED) Assigning language pack %s for request %s
03-11 12:41:04.886  4235  4980 I LPRequestState: (REDACTED) Assigning language pack %s for request %s
03-11 12:41:04.886  4235  4980 I LPDownloadSettingsState: (REDACTED) Defaulting LP download condition to %s as user has not edited settings.
03-11 12:41:04.886  4235  4980 I ZipLPPopulator: (REDACTED) MDD.addFileGroup: %s
03-11 12:41:04.887  4235  5525 I LPDownloadSettingsState: (REDACTED) Defaulting LP download condition to %s as user has not edited settings.
03-11 12:41:04.887  4235  5525 I ZipLPPopulator: (REDACTED) MDD.addFileGroup: %s
03-11 12:41:04.887  4235  5491 I LPRequestState: (REDACTED) [%s] #resolveDesiredLanguagePacks
03-11 12:41:04.887  4235  5491 I LPRequestState: (REDACTED) Assigning language pack %s for request %s
03-11 12:41:04.887  4235  5491 I LPRequestState: (REDACTED) Assigning language pack %s for request %s
03-11 12:41:04.887  1800  2443 D ConnectivityService: NetReassign [no changes] [c 2] [a 2] [i 13]
03-11 12:41:04.887  3894  4190 I bez     : Finished work type: HANDLE_PACKAGES_CHANGED, success: true, latency: PT0.466S
03-11 12:41:04.887  4235  5491 I LPDownloadSettingsState: (REDACTED) Defaulting LP download condition to %s as user has not edited settings.
03-11 12:41:04.887  4235  5525 I LPDownloadSettingsState: (REDACTED) Defaulting LP download condition to %s as user has not edited settings.
03-11 12:41:04.887  4235  5491 I ZipLPPopulator: (REDACTED) MDD.addFileGroup: %s
03-11 12:41:04.887  4235  5525 I ZipLPPopulator: (REDACTED) MDD.addFileGroup: %s
03-11 12:41:04.887  3894 29995 I beq     : No reboot detected, boot count: 166
03-11 12:41:04.887  3894  3894 I WorkService: Not stopping the service, remaining work count: 1
03-11 12:41:04.893  3894 29995 I beq     : No changed packages found for sequence number: 134
03-11 12:41:04.898  3894  4185 I bez     : Finished work type: HANDLE_PACKAGES_CHANGED, success: true, latency: PT0.009S
03-11 12:41:04.898  3894  3894 I WorkService: Stopping the work service
03-11 12:41:04.900  3894  3894 I WorkService: Work service moved out of the foreground
03-11 12:41:04.900  3894  3894 I WorkService: Work service destroyed
03-11 12:41:04.963  2913  2930 W s.nexuslauncher: ApkAssets: Deleting an ApkAssets object '<empty> and /data/app/~~LAcN6kLcMrG7u-_wZcc6IA==/dev.mambo.actionary-kfJFHRxGjzYmYCqQE0JMOw==/base.apk' with 1 weak references
03-11 12:41:04.964  4235  4980 I ZipLPPopulator: (REDACTED) Updated file group for group '%s' from location: %s
03-11 12:41:04.965  4235  5528 I ZipLPPopulator: (REDACTED) Updated file group for group '%s' from location: %s
03-11 12:41:04.965  4235  5528 I ZipLPPopulator: #addNewFileGroups complete
03-11 12:41:04.965  4235  5528 I ZipLPPopulator: (REDACTED) MDD.getFileGroup(%s)
03-11 12:41:04.966  4235  5528 I ZipLPPopulator: (REDACTED) Updated file group for group '%s' from location: %s
03-11 12:41:04.966  4235  4980 I azhj    : (REDACTED) incrementApaDataDownloadStoreStatusNotFound(appVersion = %s, locale = %s, groupName = %s, accountInScope = %s, foundGroups = %s, status = %s, localGroupsAvailable = %s, freeBytes = %s)
03-11 12:41:04.966  4235  4980 I azhj    : (REDACTED) incrementApaDataDownloadStoreExtendedStatusNotFound(appVersion = %s, locale = %s, groupName = %s, accountInScope = %s, foundGroups = %s, pendingFilegroup = %s, localGroupsAvailable = %s, freeBytes = %s, totalBytes = %s, availableSpace = %s, fractionSpace = %s, workProfile = %s)
03-11 12:41:04.967  4235  5528 I ZipLPPopulator: #addNewFileGroups complete
03-11 12:41:04.967  4235  4980 I ZipLPPopulator: (REDACTED) Updated file group for group '%s' from location: %s
03-11 12:41:04.967  4235  4980 I ZipLPPopulator: (REDACTED) MDD.getFileGroup(%s)
03-11 12:41:04.967  4235  4940 I ZipfileLPSourceImpl: (REDACTED) MDD.getFileGroup(%s) complete
03-11 12:41:04.967  4235  4939 I ZipfileLPSourceImpl: (REDACTED) MDD.getFileGroup(%s) complete
03-11 12:41:04.968  4235  4940 I ZipfileLPSourceImpl: (REDACTED) Found LanguagePack metadata file with path: %s
03-11 12:41:04.968  4235  4940 I ZipfileLPSourceImpl: (REDACTED) Returning LanguagePack path for locale %s, version %d from MDD with group name '%s': '%s'
03-11 12:41:04.968  4235  4939 I ZipfileLPSourceImpl: (REDACTED) Found LanguagePack metadata file with path: %s
03-11 12:41:04.968  4235  4939 I ZipfileLPSourceImpl: (REDACTED) Returning LanguagePack path for locale %s, version %d from MDD with group name '%s': '%s'
03-11 12:41:04.968  4235  4980 I falo    : (REDACTED) [%s] Installed LanguagePacks: %s
03-11 12:41:04.968  4235  4980 I falo    : (REDACTED) [%s] Pending pack: %s
03-11 12:41:04.968  4235  5491 I falo    : (REDACTED) [%s] #getLatestServerTisidVoiceprint: %s
03-11 12:41:04.969  4235  5491 I falo    : (REDACTED) [%s] Server Tisid voiceprint queries skipped because ServerTisid-specific flag is disabled.
03-11 12:41:04.969  4235  5525 W faja    : (REDACTED) [%s] Hotmatch: SodaResourceManager got empty hotmatch model path
03-11 12:41:04.969  4235  5489 I doip    : #getTdsidModel
03-11 12:41:04.969  4235  4980 I doip    : #getTisidModel
03-11 12:41:04.969  4235  5489 I doip    : #initialize
03-11 12:41:04.970  2913  2930 W System  : A resource failed to call release.
03-11 12:41:04.970  2913  2930 W System  : A resource failed to call release.
03-11 12:41:04.970  2913  2930 W System  : A resource failed to call release.
03-11 12:41:04.972  2913  2930 W System  : A resource failed to call release.
03-11 12:41:04.972  2913  2930 W System  : A resource failed to call release.
03-11 12:41:04.972  2913  2930 W System  : A resource failed to call release.
03-11 12:41:04.975  2913  2930 W System  : A resource failed to call release.
03-11 12:41:04.975  2913  2930 W System  : A resource failed to call release.
03-11 12:41:04.975  2913  2930 W System  : A resource failed to call release.
03-11 12:41:04.980  2913  2930 W System  : A resource failed to call release.
03-11 12:41:04.980  2913  2930 W System  : A resource failed to call release.
03-11 12:41:04.980  2913  2930 W System  : A resource failed to call release.
03-11 12:41:04.984  4080  5253 I famc    : (REDACTED) <<< [%s] Reading SodaResourceManager message with updated resourceIds: %s. Total set: %s
03-11 12:41:04.986  2913  2930 W s.nexuslauncher: ApkAssets: Deleting an ApkAssets object '<empty> and /data/app/~~jAozVhjMI8Uw3VdODZzbtA==/io.yellowcard.app-iUzw3tUC6OjPnlvrZ5hsEg==/base.apk' with 1 weak references
03-11 12:41:04.986  2913  2930 W s.nexuslauncher: ApkAssets: Deleting an ApkAssets object '<empty> and /data/app/~~jAozVhjMI8Uw3VdODZzbtA==/io.yellowcard.app-iUzw3tUC6OjPnlvrZ5hsEg==/split_config.arm64_v8a.apk' with 1 weak references
03-11 12:41:04.986  2913  2930 W s.nexuslauncher: ApkAssets: Deleting an ApkAssets object '<empty> and /data/app/~~jAozVhjMI8Uw3VdODZzbtA==/io.yellowcard.app-iUzw3tUC6OjPnlvrZ5hsEg==/split_config.en.apk' with 1 weak references
03-11 12:41:04.986  2913  2930 W s.nexuslauncher: ApkAssets: Deleting an ApkAssets object '<empty> and /data/app/~~jAozVhjMI8Uw3VdODZzbtA==/io.yellowcard.app-iUzw3tUC6OjPnlvrZ5hsEg==/split_config.xxhdpi.apk' with 1 weak references
03-11 12:41:04.987  2913  2930 W s.nexuslauncher: ApkAssets: Deleting an ApkAssets object '<empty> and /system_ext/priv-app/SettingsGoogle/SettingsGoogle.apk' with 1 weak references
03-11 12:41:04.987  2913  2930 W s.nexuslauncher: ApkAssets: Deleting an ApkAssets object '/vendor/overlay/SettingsGoogle__bluejay__auto_generated_rro_vendor.apk' with 1 weak references
03-11 12:41:04.988  2913  2930 W s.nexuslauncher: ApkAssets: Deleting an ApkAssets object '/product/overlay/SettingsOverlayGX7AS.apk' with 1 weak references
03-11 12:41:04.988  2913  2930 W s.nexuslauncher: ApkAssets: Deleting an ApkAssets object '/product/overlay/SettingsGoogle__bluejay__auto_generated_rro_product.apk' with 1 weak references
03-11 12:41:04.988  2913  2930 W s.nexuslauncher: ApkAssets: Deleting an ApkAssets object '/product/overlay/UdfpsOverlay.apk' with 1 weak references
03-11 12:41:04.988  2913  2930 W s.nexuslauncher: ApkAssets: Deleting an ApkAssets object '/product/overlay/SettingsGoogleBluejayOverlay.apk' with 1 weak references
03-11 12:41:05.001  2517  2559 W WindowOnBackDispatcher: sendCancelIfRunning: isInProgress=false callback=android.view.ViewRootImpl$$ExternalSyntheticLambda11@4c8d362
03-11 12:41:05.005  4235  4241 I earchbox:search: Background concurrent mark compact GC freed 46MB AllocSpace bytes, 73(4712KB) LOS objects, 50% free, 67MB/134MB, paused 12.951ms,38.281ms total 804.019ms
03-11 12:41:05.017  4235  4243 W earchbox:search: ApkAssets: Deleting an ApkAssets object '<empty> and /data/app/~~80zKHDwUY8GXK4wydraxhA==/com.android.chrome-0gozpgAZcaKzERg1CIZZ3g==/base.apk' with 1 weak references
03-11 12:41:05.017  4235  4243 W earchbox:search: ApkAssets: Deleting an ApkAssets object '<empty> and /data/app/~~80zKHDwUY8GXK4wydraxhA==/com.android.chrome-0gozpgAZcaKzERg1CIZZ3g==/split_chrome.apk' with 1 weak references
03-11 12:41:05.017  4235  4243 W earchbox:search: ApkAssets: Deleting an ApkAssets object '<empty> and /data/app/~~80zKHDwUY8GXK4wydraxhA==/com.android.chrome-0gozpgAZcaKzERg1CIZZ3g==/split_config.en.apk' with 1 weak references
03-11 12:41:05.017  4235  4243 W earchbox:search: ApkAssets: Deleting an ApkAssets object '<empty> and /data/app/~~80zKHDwUY8GXK4wydraxhA==/com.android.chrome-0gozpgAZcaKzERg1CIZZ3g==/split_dev_ui.apk' with 1 weak references
03-11 12:41:05.017  4235  4243 W earchbox:search: ApkAssets: Deleting an ApkAssets object '<empty> and /data/app/~~80zKHDwUY8GXK4wydraxhA==/com.android.chrome-0gozpgAZcaKzERg1CIZZ3g==/split_google3.apk' with 1 weak references
03-11 12:41:05.017  4235  4243 W earchbox:search: ApkAssets: Deleting an ApkAssets object '<empty> and /data/app/~~80zKHDwUY8GXK4wydraxhA==/com.android.chrome-0gozpgAZcaKzERg1CIZZ3g==/split_stack_unwinder.apk' with 1 weak references
03-11 12:41:05.018  4235  4243 W earchbox:search: ApkAssets: Deleting an ApkAssets object '<empty> and /data/app/~~80zKHDwUY8GXK4wydraxhA==/com.android.chrome-0gozpgAZcaKzERg1CIZZ3g==/split_test_dummy.apk' with 1 weak references
03-11 12:41:05.018  4235  4243 W earchbox:search: ApkAssets: Deleting an ApkAssets object '<empty> and /data/app/~~U6qobn-qM-yF_oZjQubH1A==/com.google.android.apps.youtube.music-Y8BFHiC08ib5yYus4U5TJg==/base.apk' with 1 weak references
03-11 12:41:05.018  4235  4243 W earchbox:search: ApkAssets: Deleting an ApkAssets object '<empty> and /data/app/~~U6qobn-qM-yF_oZjQubH1A==/com.google.android.apps.youtube.music-Y8BFHiC08ib5yYus4U5TJg==/split_config.en.apk' with 1 weak references
03-11 12:41:05.018  4235  4243 W earchbox:search: ApkAssets: Deleting an ApkAssets object '<empty> and /data/app/~~G5cqTwPbfBv5xulceq4yQw==/com.google.android.youtube-yw8-JjBBGw431KMC_GtK2A==/base.apk' with 1 weak references
03-11 12:41:05.019  4235  4243 W earchbox:search: ApkAssets: Deleting an ApkAssets object '<empty> and /data/app/~~G5cqTwPbfBv5xulceq4yQw==/com.google.android.youtube-yw8-JjBBGw431KMC_GtK2A==/split_config.arm64_v8a.apk' with 1 weak references
03-11 12:41:05.019  4235  4243 W earchbox:search: ApkAssets: Deleting an ApkAssets object '<empty> and /data/app/~~G5cqTwPbfBv5xulceq4yQw==/com.google.android.youtube-yw8-JjBBGw431KMC_GtK2A==/split_config.en.apk' with 1 weak references
03-11 12:41:05.019  4235  4243 W earchbox:search: ApkAssets: Deleting an ApkAssets object '<empty> and /data/app/~~G5cqTwPbfBv5xulceq4yQw==/com.google.android.youtube-yw8-JjBBGw431KMC_GtK2A==/split_config.xxhdpi.apk' with 1 weak references
03-11 12:41:05.019  4235  4243 W earchbox:search: ApkAssets: Deleting an ApkAssets object '<empty> and /data/app/~~W7k5ydvxvE6BFcYnGK1lCA==/com.spotify.music-Jp_k4zgW_rf1oiHo1rFnCw==/base.apk' with 1 weak references
03-11 12:41:05.020  4235  4243 W earchbox:search: ApkAssets: Deleting an ApkAssets object '<empty> and /data/app/~~W7k5ydvxvE6BFcYnGK1lCA==/com.spotify.music-Jp_k4zgW_rf1oiHo1rFnCw==/split_config.arm64_v8a.apk' with 1 weak references
03-11 12:41:05.020  4235  4243 W earchbox:search: ApkAssets: Deleting an ApkAssets object '<empty> and /data/app/~~W7k5ydvxvE6BFcYnGK1lCA==/com.spotify.music-Jp_k4zgW_rf1oiHo1rFnCw==/split_config.en.apk' with 1 weak references
03-11 12:41:05.020  4235  4243 W earchbox:search: ApkAssets: Deleting an ApkAssets object '<empty> and /data/app/~~W7k5ydvxvE6BFcYnGK1lCA==/com.spotify.music-Jp_k4zgW_rf1oiHo1rFnCw==/split_config.xxhdpi.apk' with 1 weak references
03-11 12:41:05.020  4235  4243 W earchbox:search: ApkAssets: Deleting an ApkAssets object '<empty> and /data/app/~~V31eCGH_z5bE0BeaFK-emA==/com.google.android.apps.translate-I5fSiL_efpkEuUjfQu5oMQ==/base.apk' with 1 weak references
03-11 12:41:05.021  4235  4243 W earchbox:search: ApkAssets: Deleting an ApkAssets object '<empty> and /data/app/~~_6YkckSw6bjCbSkZhM_mIw==/com.linkedin.android-ufQyi9lEWOCh-CgMYcFM5Q==/base.apk' with 1 weak references
03-11 12:41:05.021  4235  4243 W earchbox:search: ApkAssets: Deleting an ApkAssets object '<empty> and /data/app/~~_6YkckSw6bjCbSkZhM_mIw==/com.linkedin.android-ufQyi9lEWOCh-CgMYcFM5Q==/split_config.arm64_v8a.apk' with 1 weak references
03-11 12:41:05.021  4235  4243 W earchbox:search: ApkAssets: Deleting an ApkAssets object '<empty> and /data/app/~~_6YkckSw6bjCbSkZhM_mIw==/com.linkedin.android-ufQyi9lEWOCh-CgMYcFM5Q==/split_config.en.apk' with 1 weak references
03-11 12:41:05.021  4235  4243 W earchbox:search: ApkAssets: Deleting an ApkAssets object '<empty> and /data/app/~~_6YkckSw6bjCbSkZhM_mIw==/com.linkedin.android-ufQyi9lEWOCh-CgMYcFM5Q==/split_config.xxhdpi.apk' with 1 weak references
03-11 12:41:05.021  4235  4243 W earchbox:search: ApkAssets: Deleting an ApkAssets object '<empty> and /data/app/~~_6YkckSw6bjCbSkZhM_mIw==/com.linkedin.android-ufQyi9lEWOCh-CgMYcFM5Q==/split_idverification.apk' with 1 weak references
03-11 12:41:05.021  4235  4243 W earchbox:search: ApkAssets: Deleting an ApkAssets object '<empty> and /data/app/~~_6YkckSw6bjCbSkZhM_mIw==/com.linkedin.android-ufQyi9lEWOCh-CgMYcFM5Q==/split_idverification.config.arm64_v8a.apk' with 1 weak references
03-11 12:41:05.021  4235  4243 W earchbox:search: ApkAssets: Deleting an ApkAssets object '<empty> and /data/app/~~_6YkckSw6bjCbSkZhM_mIw==/com.linkedin.android-ufQyi9lEWOCh-CgMYcFM5Q==/split_idverification.config.xxhdpi.apk' with 1 weak references
03-11 12:41:05.022  4235  4243 W earchbox:search: ApkAssets: Deleting an ApkAssets object '<empty> and /data/app/~~M02jws8l_fAXrwtf1jf9rg==/com.whatsapp-JUy_jQqLdehLjoUsHOZQzg==/base.apk' with 1 weak references
03-11 12:41:05.024  4235  4243 W earchbox:search: ApkAssets: Deleting an ApkAssets object '<empty> and /data/app/~~6CCitGaMBHyV3D8oKFRJLA==/org.telegram.messenger-7gjqYJW_exVaOccBKc7_Mg==/base.apk' with 1 weak references
03-11 12:41:05.025  4235  4243 W earchbox:search: ApkAssets: Deleting an ApkAssets object '<empty> and /data/app/~~6CCitGaMBHyV3D8oKFRJLA==/org.telegram.messenger-7gjqYJW_exVaOccBKc7_Mg==/split_config.arm64_v8a.apk' with 1 weak references
03-11 12:41:05.028  4235  4243 W earchbox:search: ApkAssets: Deleting an ApkAssets object '<empty> and /data/app/~~6CCitGaMBHyV3D8oKFRJLA==/org.telegram.messenger-7gjqYJW_exVaOccBKc7_Mg==/split_config.en.apk' with 1 weak references
03-11 12:41:05.028  4235  4939 I doip    : Didn't find an initialized EnrollmentManager. Updating config.
03-11 12:41:05.028  4235  4939 I A       : (REDACTED) updateConfig: Hotword present: %b, LP directory: %s
03-11 12:41:05.030  4235  4243 W earchbox:search: ApkAssets: Deleting an ApkAssets object '<empty> and /data/app/~~6CCitGaMBHyV3D8oKFRJLA==/org.telegram.messenger-7gjqYJW_exVaOccBKc7_Mg==/split_config.xxhdpi.apk' with 1 weak references
03-11 12:41:05.032  4235  4980 I native  : I0000 00:00:1741686065.032564    4980 enrollment_manager_impl.cc:447] UpdateConfigRequest with timeout: 0
03-11 12:41:05.037 29966 29970 I esentation.test: Compiler allocated 4194KB to compile void android.widget.TextView.<init>(android.content.Context, android.util.AttributeSet, int, int)
03-11 12:41:05.049  4235 10021 E SpeechMicro: Hotword model is single-channel neuralnet.
03-11 12:41:05.051  4235 10021 I native  : I0000 00:00:1741686065.051687   10021 enrollment_manager_impl_utils.cc:80] Using standalone TI-SID pipeline config:/data/user/0/com.google.android.googlequicksearchbox/files/datadownload/shared/public/datadownloadfile_1702979559060/configs/ONDEVICE_LARGE_VOICE_MATCH.config
03-11 12:41:05.052  4235 10021 I native  : I0000 00:00:1741686065.052388   10021 enrollment_manager_impl_utils.cc:80] Using standalone TI-SID pipeline config:/data/user/0/com.google.android.googlequicksearchbox/files/datadownload/shared/public/datadownloadfile_1702979559060/configs/ONDEVICE_LARGE_VOICE_MATCH.config
03-11 12:41:05.052  4235 10021 I native  : I0000 00:00:1741686065.052416   10021 enrollment_manager_impl.cc:1047] Attempting to insert stored TD-SID profiles into config.
03-11 12:41:05.052  4235 10021 I native  : I0000 00:00:1741686065.052431   10021 enrollment_manager_impl.cc:1071] Found 0 speakers with existing TDSID models.
03-11 12:41:05.052  4235 10021 W native  : W0000 00:00:1741686065.052453   10021 enrollment_manager_impl.cc:1103] No valid TD-SID models found.
03-11 12:41:05.052  4235 10021 I native  : I0000 00:00:1741686065.052465   10021 enrollment_manager_impl.cc:1402] Retrieved stored TDSID models. Speakers requiring re-training:0
03-11 12:41:05.052  4235 10021 I native  : I0000 00:00:1741686065.052478   10021 enrollment_manager_impl.cc:1120] Attempting to insert stored TI-SID profiles into config.
03-11 12:41:05.052  4235 10021 I native  : I0000 00:00:1741686065.052490   10021 enrollment_manager_impl.cc:1145] Found 0 speakers with existing TI-SID models.
03-11 12:41:05.052  4235 10021 W native  : W0000 00:00:1741686065.052505   10021 enrollment_manager_impl.cc:1177] No valid TI-SID models found.
03-11 12:41:05.052  4235 10021 I native  : I0000 00:00:1741686065.052519   10021 enrollment_manager_impl.cc:1415] Retrieved stored TISID models. Speakers requiring re-training:0
03-11 12:41:05.052  4235 10021 I native  : I0000 00:00:1741686065.052535   10021 enrollment_manager_impl.cc:1425] Retrieved Server TISID models.
03-11 12:41:05.052  4235  4980 I A       : (REDACTED) handleResponse for  %s user(s)
03-11 12:41:05.052  4235  4980 I A       : (REDACTED) Found SodaVmmmClassicWriter. Preparing to propagate model update for status: %s
03-11 12:41:05.052  4235  4980 I A       : Skipping model update propagation to SodaVmmmClassicWriter since speaker model did not change.
03-11 12:41:05.053  4235  4980 I A       : getHotwordSpeakerIdModels
03-11 12:41:05.053  4235  4980 I doip    : Returning empty SpeakerId model
03-11 12:41:05.053  4235  4980 I doip    : #initialize
03-11 12:41:05.053  4235  5529 I doip    : #getTdsidModel
03-11 12:41:05.053  4235  4940 I doip    : Already has an initialized EnrollmentManager.
03-11 12:41:05.053  4235  5529 I A       : getTextIndependentSpeakerIdModels
03-11 12:41:05.054  4235  4980 I doip    : #initialize
03-11 12:41:05.054  4235 10021 I native  : I0000 00:00:1741686065.054107   10021 enrollment_manager_impl.cc:460] Invoking listeners with updated speaker profiles.
03-11 12:41:05.054  4235  4940 I doip    : Didn't find an initialized EnrollmentManager. Updating config.
03-11 12:41:05.054  4235  4980 I A       : #handleModelUpdate
03-11 12:41:05.054  4235  4940 I A       : (REDACTED) updateConfig: Hotword present: %b, LP directory: %s
03-11 12:41:05.054  4235  4980 I A       : (REDACTED) # of TDSID models received: %s
03-11 12:41:05.054  4235  4980 I A       : (REDACTED) Size of TI-SID model bytestring received: %s
03-11 12:41:05.054  4235  4980 I A       : (REDACTED) # of Server TI-SID voiceprints received: %s
03-11 12:41:05.057  4235  4980 I native  : I0000 00:00:1741686065.057430    4980 enrollment_manager_impl.cc:447] UpdateConfigRequest with timeout: 0
03-11 12:41:05.060  4080  5253 I famc    : (REDACTED) <<< [%s] Reading SodaResourceManager message with updated resourceIds: %s. Total set: %s
03-11 12:41:05.060  4080  5253 I famc    : (REDACTED) <<< [%s] SodaResourceManager session emitted all requested resources: %s. Ok to terminate.
03-11 12:41:05.067  4235 31912 V ClearcutMetricXmitter: Transmission is done.
03-11 12:41:05.071  4235 10021 E SpeechMicro: Hotword model is single-channel neuralnet.
03-11 12:41:05.073  4235 10021 I native  : I0000 00:00:1741686065.073213   10021 enrollment_manager_impl_utils.cc:80] Using standalone TI-SID pipeline config:/data/user/0/com.google.android.googlequicksearchbox/files/datadownload/shared/public/datadownloadfile_1702979559060/configs/ONDEVICE_LARGE_VOICE_MATCH.config
03-11 12:41:05.073  4235 10021 I native  : I0000 00:00:1741686065.073494   10021 enrollment_manager_impl_utils.cc:80] Using standalone TI-SID pipeline config:/data/user/0/com.google.android.googlequicksearchbox/files/datadownload/shared/public/datadownloadfile_1702979559060/configs/ONDEVICE_LARGE_VOICE_MATCH.config
03-11 12:41:05.073  4235 10021 I native  : I0000 00:00:1741686065.073512   10021 enrollment_manager_impl.cc:1047] Attempting to insert stored TD-SID profiles into config.
